Component: ARM Compiler 5.05 update 2 (build 169) Tool: armlink [4d0f33]

==============================================================================

Section Cross References

    startup_stm32f40_41xxx.o(STACK) refers (Special) to heapauxi.o(.text) for __use_two_region_memory
    startup_stm32f40_41xxx.o(HEAP) refers (Special) to heapauxi.o(.text) for __use_two_region_memory
    startup_stm32f40_41xxx.o(RESET) refers (Special) to heapauxi.o(.text) for __use_two_region_memory
    startup_stm32f40_41xxx.o(RESET) refers to startup_stm32f40_41xxx.o(STACK) for __initial_sp
    startup_stm32f40_41xxx.o(RESET) refers to startup_stm32f40_41xxx.o(.text) for Reset_Handler
    startup_stm32f40_41xxx.o(RESET) refers to stm32f4xx_it.o(i.NMI_Handler) for NMI_Handler
    startup_stm32f40_41xxx.o(RESET) refers to stm32f4xx_it.o(i.HardFault_Handler) for HardFault_Handler
    startup_stm32f40_41xxx.o(RESET) refers to stm32f4xx_it.o(i.MemManage_Handler) for MemManage_Handler
    startup_stm32f40_41xxx.o(RESET) refers to stm32f4xx_it.o(i.BusFault_Handler) for BusFault_Handler
    startup_stm32f40_41xxx.o(RESET) refers to stm32f4xx_it.o(i.UsageFault_Handler) for UsageFault_Handler
    startup_stm32f40_41xxx.o(RESET) refers to stm32f4xx_it.o(i.SVC_Handler) for SVC_Handler
    startup_stm32f40_41xxx.o(RESET) refers to stm32f4xx_it.o(i.DebugMon_Handler) for DebugMon_Handler
    startup_stm32f40_41xxx.o(RESET) refers to stm32f4xx_it.o(i.PendSV_Handler) for PendSV_Handler
    startup_stm32f40_41xxx.o(RESET) refers to stm32f4xx_it.o(i.SysTick_Handler) for SysTick_Handler
    startup_stm32f40_41xxx.o(RESET) refers to key.o(i.EXTI0_IRQHandler) for EXTI0_IRQHandler
    startup_stm32f40_41xxx.o(RESET) refers to key.o(i.EXTI2_IRQHandler) for EXTI2_IRQHandler
    startup_stm32f40_41xxx.o(RESET) refers to key.o(i.EXTI3_IRQHandler) for EXTI3_IRQHandler
    startup_stm32f40_41xxx.o(RESET) refers to key.o(i.EXTI4_IRQHandler) for EXTI4_IRQHandler
    startup_stm32f40_41xxx.o(RESET) refers to tim.o(i.TIM4_IRQHandler) for TIM4_IRQHandler
    startup_stm32f40_41xxx.o(RESET) refers to usart.o(i.USART1_IRQHandler) for USART1_IRQHandler
    startup_stm32f40_41xxx.o(RESET) refers to usart.o(i.USART2_IRQHandler) for USART2_IRQHandler
    startup_stm32f40_41xxx.o(RESET) refers to tim.o(i.TIM8_TRG_COM_TIM14_IRQHandler) for TIM8_TRG_COM_TIM14_IRQHandler
    startup_stm32f40_41xxx.o(.text) refers (Special) to heapauxi.o(.text) for __use_two_region_memory
    startup_stm32f40_41xxx.o(.text) refers to system_stm32f4xx.o(i.SystemInit) for SystemInit
    startup_stm32f40_41xxx.o(.text) refers to __main.o(!!!main) for __main
    startup_stm32f40_41xxx.o(.text) refers to startup_stm32f40_41xxx.o(HEAP) for Heap_Mem
    startup_stm32f40_41xxx.o(.text) refers to startup_stm32f40_41xxx.o(STACK) for Stack_Mem
    stm32f4xx_gpio.o(i.GPIO_DeInit) refers to stm32f4xx_rcc.o(i.RCC_AHB1PeriphResetCmd) for RCC_AHB1PeriphResetCmd
    stm32f4xx_hash.o(i.HASH_DeInit) refers to stm32f4xx_rcc.o(i.RCC_AHB2PeriphResetCmd) for RCC_AHB2PeriphResetCmd
    stm32f4xx_hash_md5.o(i.HASH_MD5) refers to stm32f4xx_hash.o(i.HASH_DeInit) for HASH_DeInit
    stm32f4xx_hash_md5.o(i.HASH_MD5) refers to stm32f4xx_hash.o(i.HASH_Init) for HASH_Init
    stm32f4xx_hash_md5.o(i.HASH_MD5) refers to stm32f4xx_hash.o(i.HASH_SetLastWordValidBitsNbr) for HASH_SetLastWordValidBitsNbr
    stm32f4xx_hash_md5.o(i.HASH_MD5) refers to stm32f4xx_hash.o(i.HASH_DataIn) for HASH_DataIn
    stm32f4xx_hash_md5.o(i.HASH_MD5) refers to stm32f4xx_hash.o(i.HASH_StartDigest) for HASH_StartDigest
    stm32f4xx_hash_md5.o(i.HASH_MD5) refers to stm32f4xx_hash.o(i.HASH_GetFlagStatus) for HASH_GetFlagStatus
    stm32f4xx_hash_md5.o(i.HASH_MD5) refers to stm32f4xx_hash.o(i.HASH_GetDigest) for HASH_GetDigest
    stm32f4xx_hash_md5.o(i.HMAC_MD5) refers to stm32f4xx_hash.o(i.HASH_DeInit) for HASH_DeInit
    stm32f4xx_hash_md5.o(i.HMAC_MD5) refers to stm32f4xx_hash.o(i.HASH_Init) for HASH_Init
    stm32f4xx_hash_md5.o(i.HMAC_MD5) refers to stm32f4xx_hash.o(i.HASH_SetLastWordValidBitsNbr) for HASH_SetLastWordValidBitsNbr
    stm32f4xx_hash_md5.o(i.HMAC_MD5) refers to stm32f4xx_hash.o(i.HASH_DataIn) for HASH_DataIn
    stm32f4xx_hash_md5.o(i.HMAC_MD5) refers to stm32f4xx_hash.o(i.HASH_StartDigest) for HASH_StartDigest
    stm32f4xx_hash_md5.o(i.HMAC_MD5) refers to stm32f4xx_hash.o(i.HASH_GetFlagStatus) for HASH_GetFlagStatus
    stm32f4xx_hash_md5.o(i.HMAC_MD5) refers to stm32f4xx_hash.o(i.HASH_GetDigest) for HASH_GetDigest
    stm32f4xx_hash_sha1.o(i.HASH_SHA1) refers to stm32f4xx_hash.o(i.HASH_DeInit) for HASH_DeInit
    stm32f4xx_hash_sha1.o(i.HASH_SHA1) refers to stm32f4xx_hash.o(i.HASH_Init) for HASH_Init
    stm32f4xx_hash_sha1.o(i.HASH_SHA1) refers to stm32f4xx_hash.o(i.HASH_SetLastWordValidBitsNbr) for HASH_SetLastWordValidBitsNbr
    stm32f4xx_hash_sha1.o(i.HASH_SHA1) refers to stm32f4xx_hash.o(i.HASH_DataIn) for HASH_DataIn
[...]
    ../clib/signal.c                         0x00000000   Number         0  defsig_general.o ABSOLUTE
    ../clib/signal.c                         0x00000000   Number         0  __raise.o ABSOLUTE
    ../clib/signal.c                         0x00000000   Number         0  defsig_rtmem_formal.o ABSOLUTE
    ../clib/signal.c                         0x00000000   Number         0  defsig_other.o ABSOLUTE
    ../clib/signal.c                         0x00000000   Number         0  defsig_segv_inner.o ABSOLUTE
    ../clib/signal.c                         0x00000000   Number         0  defsig_cppl_inner.o ABSOLUTE
    ../clib/signal.c                         0x00000000   Number         0  defsig_pvfn_inner.o ABSOLUTE
    ../clib/signal.c                         0x00000000   Number         0  defsig_stak_inner.o ABSOLUTE
    ../clib/signal.c                         0x00000000   Number         0  defsig_rtred_inner.o ABSOLUTE
    ../clib/signal.c                         0x00000000   Number         0  defsig_fpe_inner.o ABSOLUTE
    ../clib/signal.c                         0x00000000   Number         0  defsig_abrt_inner.o ABSOLUTE
    ../clib/signal.c                         0x00000000   Number         0  defsig_exit.o ABSOLUTE
    ../clib/signal.c                         0x00000000   Number         0  defsig_rtmem_inner.o ABSOLUTE
    ../clib/signal.c                         0x00000000   Number         0  defsig_rtmem_outer.o ABSOLUTE
    ../clib/signal.s                         0x00000000   Number         0  defsig.o ABSOLUTE
    ../clib/stdio.c                          0x00000000   Number         0  ferror_locked.o ABSOLUTE
    ../clib/stdio.c                          0x00000000   Number         0  ferror.o ABSOLUTE
    ../clib/stdlib.c                         0x00000000   Number         0  exit.o ABSOLUTE
    ../fplib/d2f.s                           0x00000000   Number         0  d2f.o ABSOLUTE
    ../fplib/ddiv.s                          0x00000000   Number         0  ddiv.o ABSOLUTE
    ../fplib/dflt.s                          0x00000000   Number         0  dflt_clz.o ABSOLUTE
    ../fplib/dnaninf.s                       0x00000000   Number         0  dnaninf.o ABSOLUTE
    ../fplib/dretinf.s                       0x00000000   Number         0  dretinf.o ABSOLUTE
    ../fplib/f2d.s                           0x00000000   Number         0  f2d.o ABSOLUTE
    ../fplib/fnaninf.s                       0x00000000   Number         0  fnaninf.o ABSOLUTE
    ../fplib/fpinit.s                        0x00000000   Number         0  fpinit.o ABSOLUTE
    ../fplib/fretinf.s                       0x00000000   Number         0  fretinf.o ABSOLUTE
    ../fplib/istatus.s                       0x00000000   Number         0  istatus.o ABSOLUTE
    ../fplib/printf1.s                       0x00000000   Number         0  printf1.o ABSOLUTE
    ../fplib/usenofp.s                       0x00000000   Number         0  usenofp.o ABSOLUTE
    ../mathlib/fpclassify.c                  0x00000000   Number         0  fpclassify.o ABSOLUTE
    ..\CMSIS\startup_stm32f40_41xxx.s        0x00000000   Number         0  startup_stm32f40_41xxx.o ABSOLUTE
    ..\CMSIS\stm32f4xx_it.c                  0x00000000   Number         0  stm32f4xx_it.o ABSOLUTE
    ..\CMSIS\system_stm32f4xx.c              0x00000000   Number         0  system_stm32f4xx.o ABSOLUTE
    ..\Libraries\STM32F407LIB\src\misc.c     0x00000000   Number         0  misc.o ABSOLUTE
    ..\Libraries\STM32F407LIB\src\stm32f4xx_crc.c 0x00000000   Number         0  stm32f4xx_crc.o ABSOLUTE
    ..\Libraries\STM32F407LIB\src\stm32f4xx_dbgmcu.c 0x00000000   Number         0  stm32f4xx_dbgmcu.o ABSOLUTE
    ..\Libraries\STM32F407LIB\src\stm32f4xx_exti.c 0x00000000   Number         0  stm32f4xx_exti.o ABSOLUTE
    ..\Libraries\STM32F407LIB\src\stm32f4xx_gpio.c 0x00000000   Number         0  stm32f4xx_gpio.o ABSOLUTE
    ..\Libraries\STM32F407LIB\src\stm32f4xx_hash.c 0x00000000   Number         0  stm32f4xx_hash.o ABSOLUTE
    ..\Libraries\STM32F407LIB\src\stm32f4xx_hash_md5.c 0x00000000   Number         0  stm32f4xx_hash_md5.o ABSOLUTE
    ..\Libraries\STM32F407LIB\src\stm32f4xx_hash_sha1.c 0x00000000   Number         0  stm32f4xx_hash_sha1.o ABSOLUTE
    ..\Libraries\STM32F407LIB\src\stm32f4xx_ltdc.c 0x00000000   Number         0  stm32f4xx_ltdc.o ABSOLUTE
    ..\Libraries\STM32F407LIB\src\stm32f4xx_pwr.c 0x00000000   Number         0  stm32f4xx_pwr.o ABSOLUTE
    ..\Libraries\STM32F407LIB\src\stm32f4xx_rcc.c 0x00000000   Number         0  stm32f4xx_rcc.o ABSOLUTE
    ..\Libraries\STM32F407LIB\src\stm32f4xx_rng.c 0x00000000   Number         0  stm32f4xx_rng.o ABSOLUTE
    ..\Libraries\STM32F407LIB\src\stm32f4xx_rtc.c 0x00000000   Number         0  stm32f4xx_rtc.o ABSOLUTE
    ..\Libraries\STM32F407LIB\src\stm32f4xx_syscfg.c 0x00000000   Number         0  stm32f4xx_syscfg.o ABSOLUTE
    ..\Libraries\STM32F407LIB\src\stm32f4xx_tim.c 0x00000000   Number         0  stm32f4xx_tim.o ABSOLUTE
    ..\Libraries\STM32F407LIB\src\stm32f4xx_usart.c 0x00000000   Number         0  stm32f4xx_usart.o ABSOLUTE
    ..\User\src\beep.c                       0x00000000   Number         0  beep.o ABSOLUTE
    ..\User\src\function.c                   0x00000000   Number         0  function.o ABSOLUTE
    ..\User\src\hc.c                         0x00000000   Number         0  hc.o ABSOLUTE
    ..\User\src\key.c                        0x00000000   Number         0  key.o ABSOLUTE
    ..\User\src\led.c                        0x00000000   Number         0  led.o ABSOLUTE
    ..\User\src\main.c                       0x00000000   Number         0  main.o ABSOLUTE
    ..\User\src\motor.c                      0x00000000   Number         0  motor.o ABSOLUTE
    ..\User\src\pwm.c                        0x00000000   Number         0  pwm.o ABSOLUTE
    ..\User\src\systick.c                    0x00000000   Number         0  systick.o ABSOLUTE
    ..\User\src\tim.c                        0x00000000   Number         0  tim.o ABSOLUTE
    ..\User\src\usart.c                      0x00000000   Number         0  usart.o ABSOLUTE
    ..\\CMSIS\\stm32f4xx_it.c                0x00000000   Number         0  stm32f4xx_it.o ABSOLUTE
    ..\\CMSIS\\system_stm32f4xx.c            0x00000000   Number         0  system_stm32f4xx.o ABSOLUTE
    ..\\Libraries\\STM32F407LIB\\src\\misc.c 0x00000000   Number         0  misc.o ABSOLUTE
    ..\\Libraries\\STM32F407LIB\\src\\stm32f4xx_crc.c 0x00000000   Number         0  stm32f4xx_crc.o ABSOLUTE
    ..\\Libraries\\STM32F407LIB\\src\\stm32f4xx_dbgmcu.c 0x00000000   Number         0  stm32f4xx_dbgmcu.o ABSOLUTE
    ..\\Libraries\\STM32F407LIB\\src\\stm32f4xx_exti.c 0x00000000   Number         0  stm32f4xx_exti.o ABSOLUTE
    ..\\Libraries\\STM32F407LIB\\src\\stm32f4xx_gpio.c 0x00000000   Number         0  stm32f4xx_gpio.o ABSOLUTE
    ..\\Libraries\\STM32F407LIB\\src\\stm32f4xx_hash.c 0x00000000   Number         0  stm32f4xx_hash.o ABSOLUTE
    ..\\Libraries\\STM32F407LIB\\src\\stm32f4xx_hash_md5.c 0x00000000   Number         0  stm32f4xx_hash_md5.o ABSOLUTE
    ..\\Libraries\\STM32F407LIB\\src\\stm32f4xx_hash_sha1.c 0x00000000   Number         0  stm32f4xx_hash_sha1.o ABSOLUTE
    ..\\Libraries\\STM32F407LIB\\src\\stm32f4xx_ltdc.c 0x00000000   Number         0  stm32f4xx_ltdc.o ABSOLUTE
    ..\\Libraries\\STM32F407LIB\\src\\stm32f4xx_pwr.c 0x00000000   Number         0  stm32f4xx_pwr.o ABSOLUTE
    ..\\Libraries\\STM32F407LIB\\src\\stm32f4xx_rcc.c 0x00000000   Number         0  stm32f4xx_rcc.o ABSOLUTE
    ..\\Libraries\\STM32F407LIB\\src\\stm32f4xx_rng.c 0x00000000   Number         0  stm32f4xx_rng.o ABSOLUTE
    ..\\Libraries\\STM32F407LIB\\src\\stm32f4xx_rtc.c 0x00000000   Number         0  stm32f4xx_rtc.o ABSOLUTE
    ..\\Libraries\\STM32F407LIB\\src\\stm32f4xx_syscfg.c 0x00000000   Number         0  stm32f4xx_syscfg.o ABSOLUTE
    ..\\Libraries\\STM32F407LIB\\src\\stm32f4xx_tim.c 0x00000000   Number         0  stm32f4xx_tim.o ABSOLUTE
    ..\\Libraries\\STM32F407LIB\\src\\stm32f4xx_usart.c 0x00000000   Number         0  stm32f4xx_usart.o ABSOLUTE
    ..\\User\\src\\beep.c                    0x00000000   Number         0  beep.o ABSOLUTE
    ..\\User\\src\\function.c                0x00000000   Number         0  function.o ABSOLUTE
    ..\\User\\src\\hc.c                      0x00000000   Number         0  hc.o ABSOLUTE
    ..\\User\\src\\key.c                     0x00000000   Number         0  key.o ABSOLUTE
    ..\\User\\src\\led.c                     0x00000000   Number         0  led.o ABSOLUTE
    ..\\User\\src\\main.c                    0x00000000   Number         0  main.o ABSOLUTE
    ..\\User\\src\\motor.c                   0x00000000   Number         0  motor.o ABSOLUTE
    ..\\User\\src\\pwm.c                     0x00000000   Number         0  pwm.o ABSOLUTE
    ..\\User\\src\\systick.c                 0x00000000   Number         0  systick.o ABSOLUTE
    ..\\User\\src\\tim.c                     0x00000000   Number         0  tim.o ABSOLUTE
    ..\\User\\src\\usart.c                   0x00000000   Number         0  usart.o ABSOLUTE
    dc.s                                     0x00000000   Number         0  dc.o ABSOLUTE
    RESET                                    0x08000000   Section      392  startup_stm32f40_41xxx.o(RESET)
    !!!main                                  0x08000188   Section        8  __main.o(!!!main)
    !!!scatter                               0x08000190   Section       52  __scatter.o(!!!scatter)
    !!handler_copy                           0x080001c4   Section       26  __scatter_copy.o(!!handler_copy)
    !!handler_zi                             0x080001e0   Section       28  __scatter_zi.o(!!handler_zi)
    .ARM.Collect$$_printf_percent$$00000000  0x080001fc   Section        0  _printf_percent.o(.ARM.Collect$$_printf_percent$$00000000)
    .ARM.Collect$$_printf_percent$$00000003  0x080001fc   Section        6  _printf_f.o(.ARM.Collect$$_printf_percent$$00000003)
    .ARM.Collect$$_printf_percent$$00000009  0x08000202   Section        6  _printf_d.o(.ARM.Collect$$_printf_percent$$00000009)
    .ARM.Collect$$_printf_percent$$00000013  0x08000208   Section        6  _printf_c.o(.ARM.Collect$$_printf_percent$$00000013)
    .ARM.Collect$$_printf_percent$$00000017  0x0800020e   Section        4  _printf_percent_end.o(.ARM.Collect$$_printf_percent$$00000017)
    .ARM.Collect$$libinit$$00000000          0x08000212   Section        2  libinit.o(.ARM.Collect$$libinit$$00000000)
    .ARM.Collect$$libinit$$00000001          0x08000214   Section        4  libinit2.o(.ARM.Collect$$libinit$$00000001)
    .ARM.Collect$$libinit$$00000004          0x08000218   Section        0  libinit2.o(.ARM.Collect$$libinit$$00000004)
    .ARM.Collect$$libinit$$0000000A          0x08000218   Section        0  libinit2.o(.ARM.Collect$$libinit$$0000000A)
    .ARM.Collect$$libinit$$0000000C          0x08000218   Section        0  libinit2.o(.ARM.Collect$$libinit$$0000000C)
    .ARM.Collect$$libinit$$0000000E          0x08000218   Section        0  libinit2.o(.ARM.Collect$$libinit$$0000000E)
    .ARM.Collect$$libinit$$0000000F          0x08000218   Section        6  libinit2.o(.ARM.Collect$$libinit$$0000000F)
    .ARM.Collect$$libinit$$00000011          0x0800021e   Section        0  libinit2.o(.ARM.Collect$$libinit$$00000011)
    .ARM.Collect$$libinit$$00000013          0x0800021e   Section        0  libinit2.o(.ARM.Collect$$libinit$$00000013)
    .ARM.Collect$$libinit$$00000015          0x0800021e   Section        0  libinit2.o(.ARM.Collect$$libinit$$00000015)
    .ARM.Collect$$libinit$$00000016          0x0800021e   Section       10  libinit2.o(.ARM.Collect$$libinit$$00000016)
    .ARM.Collect$$libinit$$00000017          0x08000228   Section        0  libinit2.o(.ARM.Collect$$libinit$$00000017)
    .ARM.Collect$$libinit$$00000019          0x08000228   Section        0  libinit2.o(.ARM.Collect$$libinit$$00000019)
    .ARM.Collect$$libinit$$0000001B          0x08000228   Section        0  libinit2.o(.ARM.Collect$$libinit$$0000001B)
    .ARM.Collect$$libinit$$0000001D          0x08000228   Section        0  libinit2.o(.ARM.Collect$$libinit$$0000001D)
    .ARM.Collect$$libinit$$0000001F          0x08000228   Section        0  libinit2.o(.ARM.Collect$$libinit$$0000001F)
    .ARM.Collect$$libinit$$00000021          0x08000228   Section        0  libinit2.o(.ARM.Collect$$libinit$$00000021)
    .ARM.Collect$$libinit$$00000023          0x08000228   Section        0  libinit2.o(.ARM.Collect$$libinit$$00000023)
    .ARM.Collect$$libinit$$00000025          0x08000228   Section        0  libinit2.o(.ARM.Collect$$libinit$$00000025)
    .ARM.Collect$$libinit$$0000002C          0x08000228   Section        0  libinit2.o(.ARM.Collect$$libinit$$0000002C)
    .ARM.Collect$$libinit$$0000002E          0x08000228   Section        0  libinit2.o(.ARM.Collect$$libinit$$0000002E)
    .ARM.Collect$$libinit$$00000030          0x08000228   Section        0  libinit2.o(.ARM.Collect$$libinit$$00000030)
    .ARM.Collect$$libinit$$00000032          0x08000228   Section        0  libinit2.o(.ARM.Collect$$libinit$$00000032)
    .ARM.Collect$$libinit$$00000033          0x08000228   Section        2  libinit2.o(.ARM.Collect$$libinit$$00000033)
    .ARM.Collect$$libshutdown$$00000000      0x0800022a   Section        2  libshutdown.o(.ARM.Collect$$libshutdown$$00000000)
    .ARM.Collect$$libshutdown$$00000003      0x0800022c   Section        0  libshutdown2.o(.ARM.Collect$$libshutdown$$00000003)
    .ARM.Collect$$libshutdown$$00000006      0x0800022c   Section        0  libshutdown2.o(.ARM.Collect$$libshutdown$$00000006)
    .ARM.Collect$$libshutdown$$00000009      0x0800022c   Section        0  libshutdown2.o(.ARM.Collect$$libshutdown$$00000009)
    .ARM.Collect$$libshutdown$$0000000B      0x0800022c   Section        0  libshutdown2.o(.ARM.Collect$$libshutdown$$0000000B)
    .ARM.Collect$$libshutdown$$0000000E      0x0800022c   Section        0  libshutdown2.o(.ARM.Collect$$libshutdown$$0000000E)
    .ARM.Collect$$libshutdown$$0000000F      0x0800022c   Section        2  libshutdown2.o(.ARM.Collect$$libshutdown$$0000000F)
    .ARM.Collect$$rtentry$$00000000          0x0800022e   Section        0  __rtentry.o(.ARM.Collect$$rtentry$$00000000)
    .ARM.Collect$$rtentry$$00000002          0x0800022e   Section        0  __rtentry2.o(.ARM.Collect$$rtentry$$00000002)
    .ARM.Collect$$rtentry$$00000004          0x0800022e   Section        6  __rtentry4.o(.ARM.Collect$$rtentry$$00000004)
    .ARM.Collect$$rtentry$$00000009          0x08000234   Section        0  __rtentry2.o(.ARM.Collect$$rtentry$$00000009)
    .ARM.Collect$$rtentry$$0000000A          0x08000234   Section        4  __rtentry2.o(.ARM.Collect$$rtentry$$0000000A)
    .ARM.Collect$$rtentry$$0000000C          0x08000238   Section        0  __rtentry2.o(.ARM.Collect$$rtentry$$0000000C)
    .ARM.Collect$$rtentry$$0000000D          0x08000238   Section        8  __rtentry2.o(.ARM.Collect$$rtentry$$0000000D)
    .ARM.Collect$$rtexit$$00000000           0x08000240   Section        2  rtexit.o(.ARM.Collect$$rtexit$$00000000)
    .ARM.Collect$$rtexit$$00000002           0x08000242   Section        0  rtexit2.o(.ARM.Collect$$rtexit$$00000002)
    .ARM.Collect$$rtexit$$00000003           0x08000242   Section        4  rtexit2.o(.ARM.Collect$$rtexit$$00000003)
    .ARM.Collect$$rtexit$$00000004           0x08000246   Section        6  rtexit2.o(.ARM.Collect$$rtexit$$00000004)
    .text                                    0x0800024c   Section       64  startup_stm32f40_41xxx.o(.text)
    $v0                                      0x0800024c   Number         0  startup_stm32f40_41xxx.o(.text)
    .text                                    0x0800028c   Section        2  use_no_semi_2.o(.text)
    .text                                    0x08000290   Section        0  noretval__2printf.o(.text)
    .text                                    0x080002a8   Section        0  __printf.o(.text)
    .text                                    0x08000310   Section        0  _printf_str.o(.text)
    .text                                    0x08000364   Section        0  _printf_dec.o(.text)
    .text                                    0x080003dc   Section        0  heapauxi.o(.text)
    .text                                    0x080003e2   Section        2  use_no_semi.o(.text)
    .text                                    0x080003e4   Section        0  _printf_intcommon.o(.text)
    .text                                    0x08000496   Section        0  _printf_fp_dec.o(.text)
    _fp_digits                               0x08000499   Thumb Code   428  _printf_fp_dec.o(.text)
    .text                                    0x080008b0   Section        0  _printf_char.o(.text)
    .text                                    0x080008dc   Section        0  _printf_char_file.o(.text)
    .text                                    0x08000900   Section        8  rt_locale_intlibspace.o(.text)
    .text                                    0x08000908   Section      138  lludiv10.o(.text)
    .text                                    0x08000994   Section        0  _printf_char_common.o(.text)
    _printf_input_char                       0x08000995   Thumb Code    10  _printf_char_common.o(.text)
    .text                                    0x080009c4   Section        0  _printf_fp_infnan.o(.text)
    .text                                    0x08000a44   Section        0  bigflt0.o(.text)
    .text                                    0x08000b20   Section        0  ferror.o(.text)
    .text                                    0x08000b28   Section        8  libspace.o(.text)
    .text                                    0x08000b30   Section       74  sys_stackheap_outer.o(.text)
    .text                                    0x08000b7a   Section        0  exit.o(.text)
    .text                                    0x08000b88   Section      128  strcmpv7m.o(.text)
    CL$$btod_d2e                             0x08000c08   Section       62  btod.o(CL$$btod_d2e)
    CL$$btod_d2e_denorm_low                  0x08000c46   Section       70  btod.o(CL$$btod_d2e_denorm_low)
    CL$$btod_d2e_norm_op1                    0x08000c8c   Section       96  btod.o(CL$$btod_d2e_norm_op1)
    CL$$btod_div_common                      0x08000cec   Section      824  btod.o(CL$$btod_div_common)
    CL$$btod_e2e                             0x08001024   Section      198  btod.o(CL$$btod_e2e)
    CL$$btod_ediv                            0x080010ea   Section       40  btod.o(CL$$btod_ediv)
    CL$$btod_emul                            0x08001112   Section       40  btod.o(CL$$btod_emul)
    CL$$btod_mult_common                     0x0800113a   Section      580  btod.o(CL$$btod_mult_common)
    i.BusFault_Handler                       0x0800137e   Section        0  stm32f4xx_it.o(i.BusFault_Handler)
    i.DebugMon_Handler                       0x08001382   Section        0  stm32f4xx_it.o(i.DebugMon_Handler)
    i.EXTI0_IRQHandler                       0x08001384   Section        0  key.o(i.EXTI0_IRQHandler)
    i.EXTI2_IRQHandler                       0x0800139c   Section        0  key.o(i.EXTI2_IRQHandler)
    i.EXTI3_IRQHandler                       0x080013d8   Section        0  key.o(i.EXTI3_IRQHandler)
    i.EXTI4_IRQHandler                       0x08001414   Section        0  key.o(i.EXTI4_IRQHandler)
    i.EXTI_ClearFlag                         0x08001450   Section        0  stm32f4xx_exti.o(i.EXTI_ClearFlag)
    i.EXTI_Init                              0x0800145c   Section        0  stm32f4xx_exti.o(i.EXTI_Init)
    i.GPIO_Init                              0x080014f0   Section        0  stm32f4xx_gpio.o(i.GPIO_Init)
    i.GPIO_PinAFConfig                       0x08001580   Section        0  stm32f4xx_gpio.o(i.GPIO_PinAFConfig)
    i.GPIO_ResetBits                         0x080015c6   Section        0  stm32f4xx_gpio.o(i.GPIO_ResetBits)
    i.GPIO_SetBits                           0x080015ca   Section        0  stm32f4xx_gpio.o(i.GPIO_SetBits)
    i.Get_distan                             0x080015d0   Section        0  hc.o(i.Get_distan)
    i.HC_init                                0x08001650   Section        0  hc.o(i.HC_init)
    i.HardFault_Handler                      0x080016ac   Section        0  stm32f4xx_it.o(i.HardFault_Handler)
    i.MOTORGPIO_Pin6789_init                 0x080016b0   Section        0  motor.o(i.MOTORGPIO_Pin6789_init)
    i.MemManage_Handler                      0x08001710   Section        0  stm32f4xx_it.o(i.MemManage_Handler)
    i.NMI_Handler                            0x08001714   Section        0  stm32f4xx_it.o(i.NMI_Handler)
    i.NVIC_Init                              0x08001718   Section        0  misc.o(i.NVIC_Init)
    i.NVIC_PriorityGroupConfig               0x08001790   Section        0  misc.o(i.NVIC_PriorityGroupConfig)
    i.PendSV_Handler                         0x080017a4   Section        0  stm32f4xx_it.o(i.PendSV_Handler)
    i.RCC_AHB1PeriphClockCmd                 0x080017a8   Section        0  stm32f4xx_rcc.o(i.RCC_AHB1PeriphClockCmd)
    i.RCC_APB1PeriphClockCmd                 0x080017c8   Section        0  stm32f4xx_rcc.o(i.RCC_APB1PeriphClockCmd)
    i.RCC_APB2PeriphClockCmd                 0x080017e8   Section        0  stm32f4xx_rcc.o(i.RCC_APB2PeriphClockCmd)
    i.RCC_GetClocksFreq                      0x08001808   Section        0  stm32f4xx_rcc.o(i.RCC_GetClocksFreq)
    i.SVC_Handler                            0x080018f0   Section        0  stm32f4xx_it.o(i.SVC_Handler)
    i.SYSCFG_EXTILineConfig                  0x080018f4   Section        0  stm32f4xx_syscfg.o(i.SYSCFG_EXTILineConfig)
    i.SetSysClock                            0x08001934   Section        0  system_stm32f4xx.o(i.SetSysClock)
    SetSysClock                              0x08001935   Thumb Code   220  system_stm32f4xx.o(i.SetSysClock)
    i.SysTick_CLKSourceConfig                0x08001a20   Section        0  misc.o(i.SysTick_CLKSourceConfig)
    i.SysTick_Handler                        0x08001a48   Section        0  stm32f4xx_it.o(i.SysTick_Handler)
    i.SystemInit                             0x08001a4c   Section        0  system_stm32f4xx.o(i.SystemInit)
    i.Systick_Init                           0x08001ab4   Section        0  systick.o(i.Systick_Init)
    i.TIM4_IRQHandler                        0x08001ad8   Section        0  tim.o(i.TIM4_IRQHandler)
    i.TIM8_TRG_COM_TIM14_IRQHandler          0x08001af8   Section        0  tim.o(i.TIM8_TRG_COM_TIM14_IRQHandler)
    i.TIM_ARRPreloadConfig                   0x08001bb4   Section        0  stm32f4xx_tim.o(i.TIM_ARRPreloadConfig)
    i.TIM_ClearFlag                          0x08001bcc   Section        0  stm32f4xx_tim.o(i.TIM_ClearFlag)
    i.TIM_Cmd                                0x08001bd2   Section        0  stm32f4xx_tim.o(i.TIM_Cmd)
    i.TIM_ITConfig                           0x08001bea   Section        0  stm32f4xx_tim.o(i.TIM_ITConfig)
    i.TIM_OC1Init                            0x08001bfc   Section        0  stm32f4xx_tim.o(i.TIM_OC1Init)
    i.TIM_OC1PreloadConfig                   0x08001c78   Section        0  stm32f4xx_tim.o(i.TIM_OC1PreloadConfig)
    i.TIM_OC2Init                            0x08001c8c   Section        0  stm32f4xx_tim.o(i.TIM_OC2Init)
    i.TIM_OC2PreloadConfig                   0x08001d30   Section        0  stm32f4xx_tim.o(i.TIM_OC2PreloadConfig)
    i.TIM_OC3Init                            0x08001d4c   Section        0  stm32f4xx_tim.o(i.TIM_OC3Init)
    i.TIM_OC3PreloadConfig                   0x08001dec   Section        0  stm32f4xx_tim.o(i.TIM_OC3PreloadConfig)
    i.TIM_OC4Init                            0x08001e00   Section        0  stm32f4xx_tim.o(i.TIM_OC4Init)
    i.TIM_OC4PreloadConfig                   0x08001e78   Section        0  stm32f4xx_tim.o(i.TIM_OC4PreloadConfig)
    i.TIM_SetCompare1                        0x08001e92   Section        0  stm32f4xx_tim.o(i.TIM_SetCompare1)
    i.TIM_SetCompare2                        0x08001e96   Section        0  stm32f4xx_tim.o(i.TIM_SetCompare2)
    i.TIM_SetCompare3                        0x08001e9a   Section        0  stm32f4xx_tim.o(i.TIM_SetCompare3)
    i.TIM_SetCompare4                        0x08001e9e   Section        0  stm32f4xx_tim.o(i.TIM_SetCompare4)
    i.TIM_TimeBaseInit                       0x08001ea4   Section        0  stm32f4xx_tim.o(i.TIM_TimeBaseInit)
    i.USART1_IRQHandler                      0x08001f28   Section        0  usart.o(i.USART1_IRQHandler)
    i.USART2_IRQHandler                      0x08001f3c   Section        0  usart.o(i.USART2_IRQHandler)
    i.USART_Cmd                              0x08001fc4   Section        0  stm32f4xx_usart.o(i.USART_Cmd)
    i.USART_GetFlagStatus                    0x08001fdc   Section        0  stm32f4xx_usart.o(i.USART_GetFlagStatus)
    i.USART_GetITStatus                      0x08001ff6   Section        0  stm32f4xx_usart.o(i.USART_GetITStatus)
    i.USART_ITConfig                         0x0800204a   Section        0  stm32f4xx_usart.o(i.USART_ITConfig)
    i.USART_Init                             0x08002094   Section        0  stm32f4xx_usart.o(i.USART_Init)
    i.USART_ReceiveData                      0x08002168   Section        0  stm32f4xx_usart.o(i.USART_ReceiveData)
    i.USART_SendData                         0x08002172   Section        0  stm32f4xx_usart.o(i.USART_SendData)
    i.Uart1_init                             0x0800217c   Section        0  usart.o(i.Uart1_init)
    i.Uart2_init                             0x08002230   Section        0  usart.o(i.Uart2_init)
    i.UsageFault_Handler                     0x080022e4   Section        0  stm32f4xx_it.o(i.UsageFault_Handler)
    i.__ARM_fpclassify                       0x080022e8   Section        0  fpclassify.o(i.__ARM_fpclassify)
    i._sys_exit                              0x08002318   Section        0  usart.o(i._sys_exit)
    i.beep_init                              0x08002320   Section        0  beep.o(i.beep_init)
    i.delay_ms                               0x08002360   Section        0  systick.o(i.delay_ms)
    i.delay_us                               0x080023a8   Section        0  systick.o(i.delay_us)
    i.exti_key                               0x080023f0   Section        0  key.o(i.exti_key)
    i.fputc                                  0x08002460   Section        0  usart.o(i.fputc)
    i.function_init                          0x08002484   Section        0  function.o(i.function_init)
    i.hc                                     0x080024d4   Section        0  function.o(i.hc)
    i.hc_start                               0x080025c4   Section        0  hc.o(i.hc_start)
    i.key_init                               0x080025e4   Section        0  key.o(i.key_init)
    i.led_init                               0x08002628   Section        0  led.o(i.led_init)
    i.look_clock                             0x08002698   Section        0  function.o(i.look_clock)
    i.main                                   0x080026fc   Section        0  main.o(i.main)
    i.motor                                  0x08002708   Section        0  function.o(i.motor)
    i.pwm_init                               0x08002e50   Section        0  pwm.o(i.pwm_init)
    i.set_clock                              0x08002ec0   Section        0  function.o(i.set_clock)
    i.show_led                               0x08002f24   Section        0  function.o(i.show_led)
    i.tim3_init                              0x08002f64   Section        0  tim.o(i.tim3_init)
    i.tim4_init                              0x08002f9c   Section        0  tim.o(i.tim4_init)
    i.wait_clock                             0x08003000   Section        0  function.o(i.wait_clock)
    locale$$code                             0x08003048   Section       44  lc_numeric_c.o(locale$$code)
    x$fpl$d2f                                0x08003074   Section       98  d2f.o(x$fpl$d2f)
    $v0                                      0x08003074   Number         0  d2f.o(x$fpl$d2f)
    x$fpl$ddiv                               0x080030d8   Section      688  ddiv.o(x$fpl$ddiv)
    $v0                                      0x080030d8   Number         0  ddiv.o(x$fpl$ddiv)
    ddiv_entry                               0x080030df   Thumb Code     0  ddiv.o(x$fpl$ddiv)
    x$fpl$dfltu                              0x08003388   Section       38  dflt_clz.o(x$fpl$dfltu)
    $v0                                      0x08003388   Number         0  dflt_clz.o(x$fpl$dfltu)
    x$fpl$dnaninf                            0x080033ae   Section      156  dnaninf.o(x$fpl$dnaninf)
    $v0                                      0x080033ae   Number         0  dnaninf.o(x$fpl$dnaninf)
    x$fpl$dretinf                            0x0800344a   Section       12  dretinf.o(x$fpl$dretinf)
    $v0                                      0x0800344a   Number         0  dretinf.o(x$fpl$dretinf)
    x$fpl$f2d                                0x08003458   Section       86  f2d.o(x$fpl$f2d)
    $v0                                      0x08003458   Number         0  f2d.o(x$fpl$f2d)
    x$fpl$fnaninf                            0x080034ae   Section      140  fnaninf.o(x$fpl$fnaninf)
    $v0                                      0x080034ae   Number         0  fnaninf.o(x$fpl$fnaninf)
    x$fpl$fpinit                             0x0800353a   Section       10  fpinit.o(x$fpl$fpinit)
    $v0                                      0x0800353a   Number         0  fpinit.o(x$fpl$fpinit)
    x$fpl$fretinf                            0x08003544   Section       10  fretinf.o(x$fpl$fretinf)
    $v0                                      0x08003544   Number         0  fretinf.o(x$fpl$fretinf)
    x$fpl$printf1                            0x0800354e   Section        4  printf1.o(x$fpl$printf1)
    $v0                                      0x0800354e   Number         0  printf1.o(x$fpl$printf1)
    x$fpl$usenofp                            0x08003552   Section        0  usenofp.o(x$fpl$usenofp)
    .constdata                               0x08003554   Section      148  bigflt0.o(.constdata)
    tenpwrs_x                                0x08003554   Data          60  bigflt0.o(.constdata)
    tenpwrs_i                                0x08003590   Data          64  bigflt0.o(.constdata)
    locale$$data                             0x08003608   Section       28  lc_numeric_c.o(locale$$data)
    __lcnum_c_name                           0x0800360c   Data           2  lc_numeric_c.o(locale$$data)
    __lcnum_c_start                          0x08003614   Data           0  lc_numeric_c.o(locale$$data)
    __lcnum_c_point                          0x08003620   Data           0  lc_numeric_c.o(locale$$data)
    __lcnum_c_thousands                      0x08003622   Data           0  lc_numeric_c.o(locale$$data)
    __lcnum_c_grouping                       0x08003623   Data           0  lc_numeric_c.o(locale$$data)
    __lcnum_c_end                            0x08003624   Data           0  lc_numeric_c.o(locale$$data)
    .data                                    0x20000000   Section       16  stm32f4xx_rcc.o(.data)
    APBAHBPrescTable                         0x20000000   Data          16  stm32f4xx_rcc.o(.data)
    .data                                    0x20000010   Section        4  systick.o(.data)
    .data                                    0x20000014   Section       53  function.o(.data)
    .data                                    0x2000004c   Section       10  usart.o(.data)
    .data                                    0x20000058   Section        4  hc.o(.data)
    .bss                                     0x2000005c   Section      220  usart.o(.bss)
    .bss                                     0x20000138   Section       96  libspace.o(.bss)
    HEAP                                     0x20000198   Section      512  startup_stm32f40_41xxx.o(HEAP)
    Heap_Mem                                 0x20000198   Data         512  startup_stm32f40_41xxx.o(HEAP)
    STACK                                    0x20000398   Section     1024  startup_stm32f40_41xxx.o(STACK)
    Stack_Mem                                0x20000398   Data        1024  startup_stm32f40_41xxx.o(STACK)
    __initial_sp                             0x20000798   Data           0  startup_stm32f40_41xxx.o(STACK)

    Global Symbols

    Symbol Name                              Value     Ov Type        Size  Object(Section)

    BuildAttributes$$THM_ISAv4$E$P$D$K$B$S$7EM$VFPi3$EXTD16$VFPS$VFMA$PE$A:L22UL41UL21$X:L11$S22US41US21$IEEE1$IW$USESV6$~STKCKD$USESV7$~SHL$OTIME$ROPI$IEEEJ$EBA8$UX$STANDARDLIB$REQ8$PRES8$EABIv2 0x00000000   Number         0  anon$$obj.o ABSOLUTE
    __ARM_use_no_argv                        0x00000000   Number         0  main.o ABSOLUTE
    __ARM_exceptions_init                     - Undefined Weak Reference
    __alloca_initialize                       - Undefined Weak Reference
    __arm_preinit_                            - Undefined Weak Reference
    __cpp_initialize__aeabi_                  - Undefined Weak Reference
    __cxa_finalize                            - Undefined Weak Reference
    __sigvec_lookup                           - Undefined Weak Reference
    _atexit_init                              - Undefined Weak Reference
    _call_atexit_fns                          - Undefined Weak Reference
    _clock_init                               - Undefined Weak Reference
    _fp_trap_init                             - Undefined Weak Reference
    _fp_trap_shutdown                         - Undefined Weak Reference
    _get_lc_collate                           - Undefined Weak Reference
    _get_lc_ctype                             - Undefined Weak Reference
    _get_lc_monetary                          - Undefined Weak Reference
    _get_lc_time                              - Undefined Weak Reference
    _getenv_init                              - Undefined Weak Reference
    _handle_redirection                       - Undefined Weak Reference
    _init_alloc                               - Undefined Weak Reference
    _init_user_alloc                          - Undefined Weak Reference
    _initio                                   - Undefined Weak Reference
    _mutex_acquire                            - Undefined Weak Reference
    _mutex_release                            - Undefined Weak Reference
    _printf_mbtowc                            - Undefined Weak Reference
    _printf_post_padding                      - Undefined Weak Reference
    _printf_pre_padding                       - Undefined Weak Reference
    _printf_truncate_signed                   - Undefined Weak Reference
    _printf_truncate_unsigned                 - Undefined Weak Reference
    _rand_init                                - Undefined Weak Reference
    _signal_finish                            - Undefined Weak Reference
    _signal_init                              - Undefined Weak Reference
    _terminate_alloc                          - Undefined Weak Reference
    _terminate_user_alloc                     - Undefined Weak Reference
    _terminateio                              - Undefined Weak Reference
    __Vectors_Size                           0x00000188   Number         0  startup_stm32f40_41xxx.o ABSOLUTE
    __Vectors                                0x08000000   Data           4  startup_stm32f40_41xxx.o(RESET)
    __Vectors_End                            0x08000188   Data           0  startup_stm32f40_41xxx.o(RESET)
    __main                                   0x08000189   Thumb Code     8  __main.o(!!!main)
    __scatterload                            0x08000191   Thumb Code     0  __scatter.o(!!!scatter)
    __scatterload_rt2                        0x08000191   Thumb Code    44  __scatter.o(!!!scatter)
    __scatterload_rt2_thumb_only             0x08000191   Thumb Code     0  __scatter.o(!!!scatter)
    __scatterload_null                       0x0800019f   Thumb Code     0  __scatter.o(!!!scatter)
    __scatterload_copy                       0x080001c5   Thumb Code    26  __scatter_copy.o(!!handler_copy)
    __scatterload_zeroinit                   0x080001e1   Thumb Code    28  __scatter_zi.o(!!handler_zi)
    _printf_f                                0x080001fd   Thumb Code     0  _printf_f.o(.ARM.Collect$$_printf_percent$$00000003)
    _printf_percent                          0x080001fd   Thumb Code     0  _printf_percent.o(.ARM.Collect$$_printf_percent$$00000000)
    _printf_d                                0x08000203   Thumb Code     0  _printf_d.o(.ARM.Collect$$_printf_percent$$00000009)
    _printf_c                                0x08000209   Thumb Code     0  _printf_c.o(.ARM.Collect$$_printf_percent$$00000013)
    _printf_percent_end                      0x0800020f   Thumb Code     0  _printf_percent_end.o(.ARM.Collect$$_printf_percent$$00000017)
    __rt_lib_init                            0x08000213   Thumb Code     0  libinit.o(.ARM.Collect$$libinit$$00000000)
    __rt_lib_init_fp_1                       0x08000215   Thumb Code     0  libinit2.o(.ARM.Collect$$libinit$$00000001)
    __rt_lib_init_heap_1                     0x08000219   Thumb Code     0  libinit2.o(.ARM.Collect$$libinit$$0000000A)
    __rt_lib_init_lc_common                  0x08000219   Thumb Code     0  libinit2.o(.ARM.Collect$$libinit$$0000000F)
    __rt_lib_init_preinit_1                  0x08000219   Thumb Code     0  libinit2.o(.ARM.Collect$$libinit$$00000004)
    __rt_lib_init_rand_1                     0x08000219   Thumb Code     0  libinit2.o(.ARM.Collect$$libinit$$0000000E)
    __rt_lib_init_user_alloc_1               0x08000219   Thumb Code     0  libinit2.o(.ARM.Collect$$libinit$$0000000C)
    __rt_lib_init_lc_collate_1               0x0800021f   Thumb Code     0  libinit2.o(.ARM.Collect$$libinit$$00000011)
    __rt_lib_init_lc_ctype_1                 0x0800021f   Thumb Code     0  libinit2.o(.ARM.Collect$$libinit$$00000013)
    __rt_lib_init_lc_monetary_1              0x0800021f   Thumb Code     0  libinit2.o(.ARM.Collect$$libinit$$00000015)
    __rt_lib_init_lc_numeric_2               0x0800021f   Thumb Code     0  libinit2.o(.ARM.Collect$$libinit$$00000016)
    __rt_lib_init_alloca_1                   0x08000229   Thumb Code     0  libinit2.o(.ARM.Collect$$libinit$$0000002E)
    __rt_lib_init_argv_1                     0x08000229   Thumb Code     0  libinit2.o(.ARM.Collect$$libinit$$0000002C)
    __rt_lib_init_atexit_1                   0x08000229   Thumb Code     0  libinit2.o(.ARM.Collect$$libinit$$0000001B)
    __rt_lib_init_clock_1                    0x08000229   Thumb Code     0  libinit2.o(.ARM.Collect$$libinit$$00000021)
    __rt_lib_init_cpp_1                      0x08000229   Thumb Code     0  libinit2.o(.ARM.Collect$$libinit$$00000032)
    __rt_lib_init_exceptions_1               0x08000229   Thumb Code     0  libinit2.o(.ARM.Collect$$libinit$$00000030)
    __rt_lib_init_fp_trap_1                  0x08000229   Thumb Code     0  libinit2.o(.ARM.Collect$$libinit$$0000001F)
    __rt_lib_init_getenv_1                   0x08000229   Thumb Code     0  libinit2.o(.ARM.Collect$$libinit$$00000023)
    __rt_lib_init_lc_numeric_1               0x08000229   Thumb Code     0  libinit2.o(.ARM.Collect$$libinit$$00000017)
    __rt_lib_init_lc_time_1                  0x08000229   Thumb Code     0  libinit2.o(.ARM.Collect$$libinit$$00000019)
    __rt_lib_init_return                     0x08000229   Thumb Code     0  libinit2.o(.ARM.Collect$$libinit$$00000033)
    __rt_lib_init_signal_1                   0x08000229   Thumb Code     0  libinit2.o(.ARM.Collect$$libinit$$0000001D)
    __rt_lib_init_stdio_1                    0x08000229   Thumb Code     0  libinit2.o(.ARM.Collect$$libinit$$00000025)
    __rt_lib_shutdown                        0x0800022b   Thumb Code     0  libshutdown.o(.ARM.Collect$$libshutdown$$00000000)
    __rt_lib_shutdown_fp_trap_1              0x0800022d   Thumb Code     0  libshutdown2.o(.ARM.Collect$$libshutdown$$00000006)
    __rt_lib_shutdown_heap_1                 0x0800022d   Thumb Code     0  libshutdown2.o(.ARM.Collect$$libshutdown$$0000000E)
    __rt_lib_shutdown_return                 0x0800022d   Thumb Code     0  libshutdown2.o(.ARM.Collect$$libshutdown$$0000000F)
    __rt_lib_shutdown_signal_1               0x0800022d   Thumb Code     0  libshutdown2.o(.ARM.Collect$$libshutdown$$00000009)
    __rt_lib_shutdown_stdio_1                0x0800022d   Thumb Code     0  libshutdown2.o(.ARM.Collect$$libshutdown$$00000003)
    __rt_lib_shutdown_user_alloc_1           0x0800022d   Thumb Code     0  libshutdown2.o(.ARM.Collect$$libshutdown$$0000000B)
    __rt_entry                               0x0800022f   Thumb Code     0  __rtentry.o(.ARM.Collect$$rtentry$$00000000)
    __rt_entry_presh_1                       0x0800022f   Thumb Code     0  __rtentry2.o(.ARM.Collect$$rtentry$$00000002)
    __rt_entry_sh                            0x0800022f   Thumb Code     0  __rtentry4.o(.ARM.Collect$$rtentry$$00000004)
    __rt_entry_li                            0x08000235   Thumb Code     0  __rtentry2.o(.ARM.Collect$$rtentry$$0000000A)
    __rt_entry_postsh_1                      0x08000235   Thumb Code     0  __rtentry2.o(.ARM.Collect$$rtentry$$00000009)
    __rt_entry_main                          0x08000239   Thumb Code     0  __rtentry2.o(.ARM.Collect$$rtentry$$0000000D)
    __rt_entry_postli_1                      0x08000239   Thumb Code     0  __rtentry2.o(.ARM.Collect$$rtentry$$0000000C)
    __rt_exit                                0x08000241   Thumb Code     0  rtexit.o(.ARM.Collect$$rtexit$$00000000)
    __rt_exit_ls                             0x08000243   Thumb Code     0  rtexit2.o(.ARM.Collect$$rtexit$$00000003)
    __rt_exit_prels_1                        0x08000243   Thumb Code     0  rtexit2.o(.ARM.Collect$$rtexit$$00000002)
    __rt_exit_exit                           0x08000247   Thumb Code     0  rtexit2.o(.ARM.Collect$$rtexit$$00000004)
    Reset_Handler                            0x0800024d   Thumb Code     8  startup_stm32f40_41xxx.o(.text)
    ADC_IRQHandler                           0x08000267   Thumb Code     0  startup_stm32f40_41xxx.o(.text)
    CAN1_RX0_IRQHandler                      0x08000267   Thumb Code     0  startup_stm32f40_41xxx.o(.text)
    CAN1_RX1_IRQHandler                      0x08000267   Thumb Code     0  startup_stm32f40_41xxx.o(.text)
    CAN1_SCE_IRQHandler                      0x08000267   Thumb Code     0  startup_stm32f40_41xxx.o(.text)
    CAN1_TX_IRQHandler                       0x08000267   Thumb Code     0  startup_stm32f40_41xxx.o(.text)
    CAN2_RX0_IRQHandler                      0x08000267   Thumb Code     0  startup_stm32f40_41xxx.o(.text)
    CAN2_RX1_IRQHandler                      0x08000267   Thumb Code     0  startup_stm32f40_41xxx.o(.text)
    CAN2_SCE_IRQHandler                      0x08000267   Thumb Code     0  startup_stm32f40_41xxx.o(.text)
    CAN2_TX_IRQHandler                       0x08000267   Thumb Code     0  startup_stm32f40_41xxx.o(.text)
    CRYP_IRQHandler                          0x08000267   Thumb Code     0  startup_stm32f40_41xxx.o(.text)
    DCMI_IRQHandler                          0x08000267   Thumb Code     0  startup_stm32f40_41xxx.o(.text)
    DMA1_Stream0_IRQHandler                  0x08000267   Thumb Code     0  startup_stm32f40_41xxx.o(.text)
    DMA1_Stream1_IRQHandler                  0x08000267   Thumb Code     0  startup_stm32f40_41xxx.o(.text)
    DMA1_Stream2_IRQHandler                  0x08000267   Thumb Code     0  startup_stm32f40_41xxx.o(.text)
    DMA1_Stream3_IRQHandler                  0x08000267   Thumb Code     0  startup_stm32f40_41xxx.o(.text)
    DMA1_Stream4_IRQHandler                  0x08000267   Thumb Code     0  startup_stm32f40_41xxx.o(.text)
    DMA1_Stream5_IRQHandler                  0x08000267   Thumb Code     0  startup_stm32f40_41xxx.o(.text)
    DMA1_Stream6_IRQHandler                  0x08000267   Thumb Code     0  startup_stm32f40_41xxx.o(.text)
    DMA1_Stream7_IRQHandler                  0x08000267   Thumb Code     0  startup_stm32f40_41xxx.o(.text)
    DMA2_Stream0_IRQHandler                  0x08000267   Thumb Code     0  startup_stm32f40_41xxx.o(.text)
    DMA2_Stream1_IRQHandler                  0x08000267   Thumb Code     0  startup_stm32f40_41xxx.o(.text)
    DMA2_Stream2_IRQHandler                  0x08000267   Thumb Code     0  startup_stm32f40_41xxx.o(.text)
    DMA2_Stream3_IRQHandler                  0x08000267   Thumb Code     0  startup_stm32f40_41xxx.o(.text)
    DMA2_Stream4_IRQHandler                  0x08000267   Thumb Code     0  startup_stm32f40_41xxx.o(.text)
    DMA2_Stream5_IRQHandler                  0x08000267   Thumb Code     0  startup_stm32f40_41xxx.o(.text)
    DMA2_Stream6_IRQHandler                  0x08000267   Thumb Code     0  startup_stm32f40_41xxx.o(.text)
    DMA2_Stream7_IRQHandler                  0x08000267   Thumb Code     0  startup_stm32f40_41xxx.o(.text)
    ETH_IRQHandler                           0x08000267   Thumb Code     0  startup_stm32f40_41xxx.o(.text)
    ETH_WKUP_IRQHandler                      0x08000267   Thumb Code     0  startup_stm32f40_41xxx.o(.text)
    EXTI15_10_IRQHandler                     0x08000267   Thumb Code     0  startup_stm32f40_41xxx.o(.text)
    EXTI1_IRQHandler                         0x08000267   Thumb Code     0  startup_stm32f40_41xxx.o(.text)
    EXTI9_5_IRQHandler                       0x08000267   Thumb Code     0  startup_stm32f40_41xxx.o(.text)
    FLASH_IRQHandler                         0x08000267   Thumb Code     0  startup_stm32f40_41xxx.o(.text)
    FPU_IRQHandler                           0x08000267   Thumb Code     0  startup_stm32f40_41xxx.o(.text)
    FSMC_IRQHandler                          0x08000267   Thumb Code     0  startup_stm32f40_41xxx.o(.text)
    HASH_RNG_IRQHandler                      0x08000267   Thumb Code     0  startup_stm32f40_41xxx.o(.text)
    I2C1_ER_IRQHandler                       0x08000267   Thumb Code     0  startup_stm32f40_41xxx.o(.text)
    I2C1_EV_IRQHandler                       0x08000267   Thumb Code     0  startup_stm32f40_41xxx.o(.text)
    I2C2_ER_IRQHandler                       0x08000267   Thumb Code     0  startup_stm32f40_41xxx.o(.text)
    I2C2_EV_IRQHandler                       0x08000267   Thumb Code     0  startup_stm32f40_41xxx.o(.text)
    I2C3_ER_IRQHandler                       0x08000267   Thumb Code     0  startup_stm32f40_41xxx.o(.text)
    I2C3_EV_IRQHandler                       0x08000267   Thumb Code     0  startup_stm32f40_41xxx.o(.text)
    OTG_FS_IRQHandler                        0x08000267   Thumb Code     0  startup_stm32f40_41xxx.o(.text)
    OTG_FS_WKUP_IRQHandler                   0x08000267   Thumb Code     0  startup_stm32f40_41xxx.o(.text)
    OTG_HS_EP1_IN_IRQHandler                 0x08000267   Thumb Code     0  startup_stm32f40_41xxx.o(.text)
    OTG_HS_EP1_OUT_IRQHandler                0x08000267   Thumb Code     0  startup_stm32f40_41xxx.o(.text)
    OTG_HS_IRQHandler                        0x08000267   Thumb Code     0  startup_stm32f40_41xxx.o(.text)
    OTG_HS_WKUP_IRQHandler                   0x08000267   Thumb Code     0  startup_stm32f40_41xxx.o(.text)
    PVD_IRQHandler                           0x08000267   Thumb Code     0  startup_stm32f40_41xxx.o(.text)
    RCC_IRQHandler                           0x08000267   Thumb Code     0  startup_stm32f40_41xxx.o(.text)
    RTC_Alarm_IRQHandler                     0x08000267   Thumb Code     0  startup_stm32f40_41xxx.o(.text)
    RTC_WKUP_IRQHandler                      0x08000267   Thumb Code     0  startup_stm32f40_41xxx.o(.text)
    SDIO_IRQHandler                          0x08000267   Thumb Code     0  startup_stm32f40_41xxx.o(.text)
    SPI1_IRQHandler                          0x08000267   Thumb Code     0  startup_stm32f40_41xxx.o(.text)
    SPI2_IRQHandler                          0x08000267   Thumb Code     0  startup_stm32f40_41xxx.o(.text)
    SPI3_IRQHandler                          0x08000267   Thumb Code     0  startup_stm32f40_41xxx.o(.text)
    TAMP_STAMP_IRQHandler                    0x08000267   Thumb Code     0  startup_stm32f40_41xxx.o(.text)
    TIM1_BRK_TIM9_IRQHandler                 0x08000267   Thumb Code     0  startup_stm32f40_41xxx.o(.text)
    TIM1_CC_IRQHandler                       0x08000267   Thumb Code     0  startup_stm32f40_41xxx.o(.text)
    TIM1_TRG_COM_TIM11_IRQHandler            0x08000267   Thumb Code     0  startup_stm32f40_41xxx.o(.text)
    TIM1_UP_TIM10_IRQHandler                 0x08000267   Thumb Code     0  startup_stm32f40_41xxx.o(.text)
    TIM2_IRQHandler                          0x08000267   Thumb Code     0  startup_stm32f40_41xxx.o(.text)
    TIM3_IRQHandler                          0x08000267   Thumb Code     0  startup_stm32f40_41xxx.o(.text)
    TIM5_IRQHandler                          0x08000267   Thumb Code     0  startup_stm32f40_41xxx.o(.text)
    TIM6_DAC_IRQHandler                      0x08000267   Thumb Code     0  startup_stm32f40_41xxx.o(.text)
    TIM7_IRQHandler                          0x08000267   Thumb Code     0  startup_stm32f40_41xxx.o(.text)
    TIM8_BRK_TIM12_IRQHandler                0x08000267   Thumb Code     0  startup_stm32f40_41xxx.o(.text)
    TIM8_CC_IRQHandler                       0x08000267   Thumb Code     0  startup_stm32f40_41xxx.o(.text)
    TIM8_UP_TIM13_IRQHandler                 0x08000267   Thumb Code     0  startup_stm32f40_41xxx.o(.text)
    UART4_IRQHandler                         0x08000267   Thumb Code     0  startup_stm32f40_41xxx.o(.text)
    UART5_IRQHandler                         0x08000267   Thumb Code     0  startup_stm32f40_41xxx.o(.text)
    USART3_IRQHandler                        0x08000267   Thumb Code     0  startup_stm32f40_41xxx.o(.text)
    USART6_IRQHandler                        0x08000267   Thumb Code     0  startup_stm32f40_41xxx.o(.text)
    WWDG_IRQHandler                          0x08000267   Thumb Code     0  startup_stm32f40_41xxx.o(.text)
    __user_initial_stackheap                 0x08000269   Thumb Code     0  startup_stm32f40_41xxx.o(.text)
    __use_no_semihosting                     0x0800028d   Thumb Code     2  use_no_semi_2.o(.text)
    __2printf                                0x08000291   Thumb Code    20  noretval__2printf.o(.text)
    __printf                                 0x080002a9   Thumb Code   104  __printf.o(.text)
    _printf_str                              0x08000311   Thumb Code    82  _printf_str.o(.text)
    _printf_int_dec                          0x08000365   Thumb Code   104  _printf_dec.o(.text)
    __use_two_region_memory                  0x080003dd   Thumb Code     2  heapauxi.o(.text)
    __rt_heap_escrow$2region                 0x080003df   Thumb Code     2  heapauxi.o(.text)
    __rt_heap_expand$2region                 0x080003e1   Thumb Code     2  heapauxi.o(.text)
    __I$use$semihosting                      0x080003e3   Thumb Code     0  use_no_semi.o(.text)
    __use_no_semihosting_swi                 0x080003e3   Thumb Code     2  use_no_semi.o(.text)
    _printf_int_common                       0x080003e5   Thumb Code   178  _printf_intcommon.o(.text)
    __lib_sel_fp_printf                      0x08000497   Thumb Code     2  _printf_fp_dec.o(.text)
    _printf_fp_dec_real                      0x08000645   Thumb Code   620  _printf_fp_dec.o(.text)
    _printf_cs_common                        0x080008b1   Thumb Code    20  _printf_char.o(.text)
    _printf_char                             0x080008c5   Thumb Code    16  _printf_char.o(.text)
    _printf_string                           0x080008d5   Thumb Code     8  _printf_char.o(.text)
    _printf_char_file                        0x080008dd   Thumb Code    32  _printf_char_file.o(.text)
    __rt_locale                              0x08000901   Thumb Code     8  rt_locale_intlibspace.o(.text)
    _ll_udiv10                               0x08000909   Thumb Code   138  lludiv10.o(.text)
    _printf_char_common                      0x0800099f   Thumb Code    32  _printf_char_common.o(.text)
    _printf_fp_infnan                        0x080009c5   Thumb Code   112  _printf_fp_infnan.o(.text)
    _btod_etento                             0x08000a45   Thumb Code   216  bigflt0.o(.text)
    ferror                                   0x08000b21   Thumb Code     8  ferror.o(.text)
    __user_libspace                          0x08000b29   Thumb Code     8  libspace.o(.text)
    __user_perproc_libspace                  0x08000b29   Thumb Code     0  libspace.o(.text)
    __user_perthread_libspace                0x08000b29   Thumb Code     0  libspace.o(.text)
    __user_setup_stackheap                   0x08000b31   Thumb Code    74  sys_stackheap_outer.o(.text)
    exit                                     0x08000b7b   Thumb Code    12  exit.o(.text)
    strcmp                                   0x08000b89   Thumb Code   128  strcmpv7m.o(.text)
    _btod_d2e                                0x08000c09   Thumb Code    62  btod.o(CL$$btod_d2e)
    _d2e_denorm_low                          0x08000c47   Thumb Code    70  btod.o(CL$$btod_d2e_denorm_low)
    _d2e_norm_op1                            0x08000c8d   Thumb Code    96  btod.o(CL$$btod_d2e_norm_op1)
    __btod_div_common                        0x08000ced   Thumb Code   696  btod.o(CL$$btod_div_common)
    _e2e                                     0x08001025   Thumb Code   198  btod.o(CL$$btod_e2e)
    _btod_ediv                               0x080010eb   Thumb Code    40  btod.o(CL$$btod_ediv)
    _btod_emul                               0x08001113   Thumb Code    40  btod.o(CL$$btod_emul)
    __btod_mult_common                       0x0800113b   Thumb Code   580  btod.o(CL$$btod_mult_common)
    BusFault_Handler                         0x0800137f   Thumb Code     4  stm32f4xx_it.o(i.BusFault_Handler)
    DebugMon_Handler                         0x08001383   Thumb Code     2  stm32f4xx_it.o(i.DebugMon_Handler)
    EXTI0_IRQHandler                         0x08001385   Thumb Code    20  key.o(i.EXTI0_IRQHandler)
    EXTI2_IRQHandler                         0x0800139d   Thumb Code    48  key.o(i.EXTI2_IRQHandler)
    EXTI3_IRQHandler                         0x080013d9   Thumb Code    48  key.o(i.EXTI3_IRQHandler)
    EXTI4_IRQHandler                         0x08001415   Thumb Code    48  key.o(i.EXTI4_IRQHandler)
    EXTI_ClearFlag                           0x08001451   Thumb Code     6  stm32f4xx_exti.o(i.EXTI_ClearFlag)
    EXTI_Init                                0x0800145d   Thumb Code   142  stm32f4xx_exti.o(i.EXTI_Init)
    GPIO_Init                                0x080014f1   Thumb Code   144  stm32f4xx_gpio.o(i.GPIO_Init)
    GPIO_PinAFConfig                         0x08001581   Thumb Code    70  stm32f4xx_gpio.o(i.GPIO_PinAFConfig)
    GPIO_ResetBits                           0x080015c7   Thumb Code     4  stm32f4xx_gpio.o(i.GPIO_ResetBits)
    GPIO_SetBits                             0x080015cb   Thumb Code     4  stm32f4xx_gpio.o(i.GPIO_SetBits)
    Get_distan                               0x080015d1   Thumb Code   106  hc.o(i.Get_distan)
    HC_init                                  0x08001651   Thumb Code    78  hc.o(i.HC_init)
    HardFault_Handler                        0x080016ad   Thumb Code     4  stm32f4xx_it.o(i.HardFault_Handler)
    MOTORGPIO_Pin6789_init                   0x080016b1   Thumb Code    90  motor.o(i.MOTORGPIO_Pin6789_init)
    MemManage_Handler                        0x08001711   Thumb Code     4  stm32f4xx_it.o(i.MemManage_Handler)
    NMI_Handler                              0x08001715   Thumb Code     2  stm32f4xx_it.o(i.NMI_Handler)
    NVIC_Init                                0x08001719   Thumb Code   106  misc.o(i.NVIC_Init)
    NVIC_PriorityGroupConfig                 0x08001791   Thumb Code    10  misc.o(i.NVIC_PriorityGroupConfig)
    PendSV_Handler                           0x080017a5   Thumb Code     2  stm32f4xx_it.o(i.PendSV_Handler)
    RCC_AHB1PeriphClockCmd                   0x080017a9   Thumb Code    26  stm32f4xx_rcc.o(i.RCC_AHB1PeriphClockCmd)
    RCC_APB1PeriphClockCmd                   0x080017c9   Thumb Code    26  stm32f4xx_rcc.o(i.RCC_APB1PeriphClockCmd)
    RCC_APB2PeriphClockCmd                   0x080017e9   Thumb Code    26  stm32f4xx_rcc.o(i.RCC_APB2PeriphClockCmd)
    RCC_GetClocksFreq                        0x08001809   Thumb Code   214  stm32f4xx_rcc.o(i.RCC_GetClocksFreq)
    SVC_Handler                              0x080018f1   Thumb Code     2  stm32f4xx_it.o(i.SVC_Handler)
    SYSCFG_EXTILineConfig                    0x080018f5   Thumb Code    60  stm32f4xx_syscfg.o(i.SYSCFG_EXTILineConfig)
    SysTick_CLKSourceConfig                  0x08001a21   Thumb Code    40  misc.o(i.SysTick_CLKSourceConfig)
    SysTick_Handler                          0x08001a49   Thumb Code     2  stm32f4xx_it.o(i.SysTick_Handler)
    SystemInit                               0x08001a4d   Thumb Code    88  system_stm32f4xx.o(i.SystemInit)
    Systick_Init                             0x08001ab5   Thumb Code    26  systick.o(i.Systick_Init)
    TIM4_IRQHandler                          0x08001ad9   Thumb Code    22  tim.o(i.TIM4_IRQHandler)
    TIM8_TRG_COM_TIM14_IRQHandler            0x08001af9   Thumb Code   146  tim.o(i.TIM8_TRG_COM_TIM14_IRQHandler)
    TIM_ARRPreloadConfig                     0x08001bb5   Thumb Code    24  stm32f4xx_tim.o(i.TIM_ARRPreloadConfig)
    TIM_ClearFlag                            0x08001bcd   Thumb Code     6  stm32f4xx_tim.o(i.TIM_ClearFlag)
    TIM_Cmd                                  0x08001bd3   Thumb Code    24  stm32f4xx_tim.o(i.TIM_Cmd)
    TIM_ITConfig                             0x08001beb   Thumb Code    18  stm32f4xx_tim.o(i.TIM_ITConfig)
    TIM_OC1Init                              0x08001bfd   Thumb Code   114  stm32f4xx_tim.o(i.TIM_OC1Init)
    TIM_OC1PreloadConfig                     0x08001c79   Thumb Code    18  stm32f4xx_tim.o(i.TIM_OC1PreloadConfig)
    TIM_OC2Init                              0x08001c8d   Thumb Code   154  stm32f4xx_tim.o(i.TIM_OC2Init)
    TIM_OC2PreloadConfig                     0x08001d31   Thumb Code    26  stm32f4xx_tim.o(i.TIM_OC2PreloadConfig)
    TIM_OC3Init                              0x08001d4d   Thumb Code   150  stm32f4xx_tim.o(i.TIM_OC3Init)
    TIM_OC3PreloadConfig                     0x08001ded   Thumb Code    18  stm32f4xx_tim.o(i.TIM_OC3PreloadConfig)
    TIM_OC4Init                              0x08001e01   Thumb Code   112  stm32f4xx_tim.o(i.TIM_OC4Init)
    TIM_OC4PreloadConfig                     0x08001e79   Thumb Code    26  stm32f4xx_tim.o(i.TIM_OC4PreloadConfig)
    TIM_SetCompare1                          0x08001e93   Thumb Code     4  stm32f4xx_tim.o(i.TIM_SetCompare1)
    TIM_SetCompare2                          0x08001e97   Thumb Code     4  stm32f4xx_tim.o(i.TIM_SetCompare2)
    TIM_SetCompare3                          0x08001e9b   Thumb Code     4  stm32f4xx_tim.o(i.TIM_SetCompare3)
    TIM_SetCompare4                          0x08001e9f   Thumb Code     4  stm32f4xx_tim.o(i.TIM_SetCompare4)
    TIM_TimeBaseInit                         0x08001ea5   Thumb Code   104  stm32f4xx_tim.o(i.TIM_TimeBaseInit)
    USART1_IRQHandler                        0x08001f29   Thumb Code    14  usart.o(i.USART1_IRQHandler)
    USART2_IRQHandler                        0x08001f3d   Thumb Code   114  usart.o(i.USART2_IRQHandler)
    USART_Cmd                                0x08001fc5   Thumb Code    24  stm32f4xx_usart.o(i.USART_Cmd)
    USART_GetFlagStatus                      0x08001fdd   Thumb Code    26  stm32f4xx_usart.o(i.USART_GetFlagStatus)
    USART_GetITStatus                        0x08001ff7   Thumb Code    84  stm32f4xx_usart.o(i.USART_GetITStatus)
    USART_ITConfig                           0x0800204b   Thumb Code    74  stm32f4xx_usart.o(i.USART_ITConfig)
    USART_Init                               0x08002095   Thumb Code   204  stm32f4xx_usart.o(i.USART_Init)
    USART_ReceiveData                        0x08002169   Thumb Code    10  stm32f4xx_usart.o(i.USART_ReceiveData)
    USART_SendData                           0x08002173   Thumb Code     8  stm32f4xx_usart.o(i.USART_SendData)
    Uart1_init                               0x0800217d   Thumb Code   172  usart.o(i.Uart1_init)
    Uart2_init                               0x08002231   Thumb Code   172  usart.o(i.Uart2_init)
    UsageFault_Handler                       0x080022e5   Thumb Code     4  stm32f4xx_it.o(i.UsageFault_Handler)
    __ARM_fpclassify                         0x080022e9   Thumb Code    48  fpclassify.o(i.__ARM_fpclassify)
    _sys_exit                                0x08002319   Thumb Code     8  usart.o(i._sys_exit)
    beep_init                                0x08002321   Thumb Code    60  beep.o(i.beep_init)
    delay_ms                                 0x08002361   Thumb Code    66  systick.o(i.delay_ms)
    delay_us                                 0x080023a9   Thumb Code    66  systick.o(i.delay_us)
    exti_key                                 0x080023f1   Thumb Code   110  key.o(i.exti_key)
    fputc                                    0x08002461   Thumb Code    32  usart.o(i.fputc)
    function_init                            0x08002485   Thumb Code    42  function.o(i.function_init)
    hc                                       0x080024d5   Thumb Code   204  function.o(i.hc)
    hc_start                                 0x080025c5   Thumb Code    24  hc.o(i.hc_start)
    key_init                                 0x080025e5   Thumb Code    58  key.o(i.key_init)
    led_init                                 0x08002629   Thumb Code    88  led.o(i.led_init)
    look_clock                               0x08002699   Thumb Code    80  function.o(i.look_clock)
    main                                     0x080026fd   Thumb Code    10  main.o(i.main)
    motor                                    0x08002709   Thumb Code  1786  function.o(i.motor)
    pwm_init                                 0x08002e51   Thumb Code   106  pwm.o(i.pwm_init)
    set_clock                                0x08002ec1   Thumb Code    80  function.o(i.set_clock)
    show_led                                 0x08002f25   Thumb Code    46  function.o(i.show_led)
    tim3_init                                0x08002f65   Thumb Code    50  tim.o(i.tim3_init)
    tim4_init                                0x08002f9d   Thumb Code    94  tim.o(i.tim4_init)
    wait_clock                               0x08003001   Thumb Code    62  function.o(i.wait_clock)
    _get_lc_numeric                          0x08003049   Thumb Code    44  lc_numeric_c.o(locale$$code)
    __aeabi_d2f                              0x08003075   Thumb Code     0  d2f.o(x$fpl$d2f)
    _d2f                                     0x08003075   Thumb Code    98  d2f.o(x$fpl$d2f)
    __aeabi_ddiv                             0x080030d9   Thumb Code     0  ddiv.o(x$fpl$ddiv)
    _ddiv                                    0x080030d9   Thumb Code   552  ddiv.o(x$fpl$ddiv)
    __aeabi_ui2d                             0x08003389   Thumb Code     0  dflt_clz.o(x$fpl$dfltu)
    _dfltu                                   0x08003389   Thumb Code    38  dflt_clz.o(x$fpl$dfltu)
    __fpl_dnaninf                            0x080033af   Thumb Code   156  dnaninf.o(x$fpl$dnaninf)
    __fpl_dretinf                            0x0800344b   Thumb Code    12  dretinf.o(x$fpl$dretinf)
    __aeabi_f2d                              0x08003459   Thumb Code     0  f2d.o(x$fpl$f2d)
    _f2d                                     0x08003459   Thumb Code    86  f2d.o(x$fpl$f2d)
    __fpl_fnaninf                            0x080034af   Thumb Code   140  fnaninf.o(x$fpl$fnaninf)
    _fp_init                                 0x0800353b   Thumb Code    10  fpinit.o(x$fpl$fpinit)
    __fplib_config_fpu_vfp                   0x08003543   Thumb Code     0  fpinit.o(x$fpl$fpinit)
    __fplib_config_pureend_doubles           0x08003543   Thumb Code     0  fpinit.o(x$fpl$fpinit)
    __fpl_fretinf                            0x08003545   Thumb Code    10  fretinf.o(x$fpl$fretinf)
    _printf_fp_dec                           0x0800354f   Thumb Code     4  printf1.o(x$fpl$printf1)
    __I$use$fp                               0x08003552   Number         0  usenofp.o(x$fpl$usenofp)
    Region$$Table$$Base                      0x080035e8   Number         0  anon$$obj.o(Region$$Table)
    Region$$Table$$Limit                     0x08003608   Number         0  anon$$obj.o(Region$$Table)
    my_us                                    0x20000010   Data           1  systick.o(.data)
    my_ms                                    0x20000012   Data           2  systick.o(.data)
    function_mode                            0x20000014   Data           4  function.o(.data)
    set_type                                 0x20000018   Data           4  function.o(.data)
    look_type                                0x2000001c   Data           4  function.o(.data)
    h                                        0x20000020   Data           4  function.o(.data)
    m                                        0x20000024   Data           4  function.o(.data)
    s                                        0x20000028   Data           4  function.o(.data)
    c_h                                      0x2000002c   Data           4  function.o(.data)
    c_m                                      0x20000030   Data           4  function.o(.data)
    c_s                                      0x20000034   Data           4  function.o(.data)
    c_m_gw                                   0x20000038   Data           4  function.o(.data)
    c_m_sw                                   0x2000003c   Data           4  function.o(.data)
    on_time                                  0x20000040   Data           4  function.o(.data)
    safedistan                               0x20000044   Data           4  function.o(.data)
    flag                                     0x20000048   Data           1  function.o(.data)
    __stdout                                 0x2000004c   Data           4  usart.o(.data)
    recvbuf                                  0x20000050   Data           1  usart.o(.data)
    recvflag                                 0x20000051   Data           1  usart.o(.data)
    recvend                                  0x20000052   Data           1  usart.o(.data)
    USART_RX_STA                             0x20000054   Data           2  usart.o(.data)
    tim_count                                0x20000058   Data           4  hc.o(.data)
    recvbuf_temp                             0x2000005c   Data          20  usart.o(.bss)
    USART_RX_BUF                             0x20000070   Data         200  usart.o(.bss)
    __libspace_start                         0x20000138   Data          96  libspace.o(.bss)
    __temporary_stack_top$libspace           0x20000198   Data           0  libspace.o(.bss)



==============================================================================

Memory Map of the image

  Image Entry point : 0x08000189

  Load Region LR_IROM1 (Base: 0x08000000, Size: 0x00003680, Max: 0x00080000, ABSOLUTE)

    Execution Region ER_IROM1 (Base: 0x08000000, Size: 0x00003624, Max: 0x00080000, ABSOLUTE)

    Base Addr    Size         Type   Attr      Idx    E Section Name        Object

    0x08000000   0x00000188   Data   RO            3    RESET               startup_stm32f40_41xxx.o
    0x08000188   0x00000008   Code   RO         3093  * !!!main             c_w.l(__main.o)
    0x08000190   0x00000034   Code   RO         3332    !!!scatter          c_w.l(__scatter.o)
    0x080001c4   0x0000001a   Code   RO         3334    !!handler_copy      c_w.l(__scatter_copy.o)
    0x080001de   0x00000002   PAD
    0x080001e0   0x0000001c   Code   RO         3336    !!handler_zi        c_w.l(__scatter_zi.o)
    0x080001fc   0x00000000   Code   RO         3090    .ARM.Collect$$_printf_percent$$00000000  c_w.l(_printf_percent.o)
    0x080001fc   0x00000006   Code   RO         3089    .ARM.Collect$$_printf_percent$$00000003  c_w.l(_printf_f.o)
    0x08000202   0x00000006   Code   RO         3088    .ARM.Collect$$_printf_percent$$00000009  c_w.l(_printf_d.o)
    0x08000208   0x00000006   Code   RO         3087    .ARM.Collect$$_printf_percent$$00000013  c_w.l(_printf_c.o)
    0x0800020e   0x00000004   Code   RO         3122    .ARM.Collect$$_printf_percent$$00000017  c_w.l(_printf_percent_end.o)
    0x08000212   0x00000002   Code   RO         3210    .ARM.Collect$$libinit$$00000000  c_w.l(libinit.o)
    0x08000214   0x00000004   Code   RO         3211    .ARM.Collect$$libinit$$00000001  c_w.l(libinit2.o)
    0x08000218   0x00000000   Code   RO         3214    .ARM.Collect$$libinit$$00000004  c_w.l(libinit2.o)
    0x08000218   0x00000000   Code   RO         3217    .ARM.Collect$$libinit$$0000000A  c_w.l(libinit2.o)
    0x08000218   0x00000000   Code   RO         3219    .ARM.Collect$$libinit$$0000000C  c_w.l(libinit2.o)
    0x08000218   0x00000000   Code   RO         3221    .ARM.Collect$$libinit$$0000000E  c_w.l(libinit2.o)
    0x08000218   0x00000006   Code   RO         3222    .ARM.Collect$$libinit$$0000000F  c_w.l(libinit2.o)
    0x0800021e   0x00000000   Code   RO         3224    .ARM.Collect$$libinit$$00000011  c_w.l(libinit2.o)
    0x0800021e   0x00000000   Code   RO         3226    .ARM.Collect$$libinit$$00000013  c_w.l(libinit2.o)
    0x0800021e   0x00000000   Code   RO         3228    .ARM.Collect$$libinit$$00000015  c_w.l(libinit2.o)
    0x0800021e   0x0000000a   Code   RO         3229    .ARM.Collect$$libinit$$00000016  c_w.l(libinit2.o)
    0x08000228   0x00000000   Code   RO         3230    .ARM.Collect$$libinit$$00000017  c_w.l(libinit2.o)
    0x08000228   0x00000000   Code   RO         3232    .ARM.Collect$$libinit$$00000019  c_w.l(libinit2.o)
    0x08000228   0x00000000   Code   RO         3234    .ARM.Collect$$libinit$$0000001B  c_w.l(libinit2.o)
    0x08000228   0x00000000   Code   RO         3236    .ARM.Collect$$libinit$$0000001D  c_w.l(libinit2.o)
    0x08000228   0x00000000   Code   RO         3238    .ARM.Collect$$libinit$$0000001F  c_w.l(libinit2.o)
    0x08000228   0x00000000   Code   RO         3240    .ARM.Collect$$libinit$$00000021  c_w.l(libinit2.o)
    0x08000228   0x00000000   Code   RO         3242    .ARM.Collect$$libinit$$00000023  c_w.l(libinit2.o)
    0x08000228   0x00000000   Code   RO         3244    .ARM.Collect$$libinit$$00000025  c_w.l(libinit2.o)
    0x08000228   0x00000000   Code   RO         3248    .ARM.Collect$$libinit$$0000002C  c_w.l(libinit2.o)
    0x08000228   0x00000000   Code   RO         3250    .ARM.Collect$$libinit$$0000002E  c_w.l(libinit2.o)
    0x08000228   0x00000000   Code   RO         3252    .ARM.Collect$$libinit$$00000030  c_w.l(libinit2.o)
    0x08000228   0x00000000   Code   RO         3254    .ARM.Collect$$libinit$$00000032  c_w.l(libinit2.o)
    0x08000228   0x00000002   Code   RO         3255    .ARM.Collect$$libinit$$00000033  c_w.l(libinit2.o)
    0x0800022a   0x00000002   Code   RO         3283    .ARM.Collect$$libshutdown$$00000000  c_w.l(libshutdown.o)
    0x0800022c   0x00000000   Code   RO         3293    .ARM.Collect$$libshutdown$$00000003  c_w.l(libshutdown2.o)
    0x0800022c   0x00000000   Code   RO         3296    .ARM.Collect$$libshutdown$$00000006  c_w.l(libshutdown2.o)
    0x0800022c   0x00000000   Code   RO         3299    .ARM.Collect$$libshutdown$$00000009  c_w.l(libshutdown2.o)
    0x0800022c   0x00000000   Code   RO         3301    .ARM.Collect$$libshutdown$$0000000B  c_w.l(libshutdown2.o)
    0x0800022c   0x00000000   Code   RO         3304    .ARM.Collect$$libshutdown$$0000000E  c_w.l(libshutdown2.o)
    0x0800022c   0x00000002   Code   RO         3305    .ARM.Collect$$libshutdown$$0000000F  c_w.l(libshutdown2.o)
    0x0800022e   0x00000000   Code   RO         3113    .ARM.Collect$$rtentry$$00000000  c_w.l(__rtentry.o)
    0x0800022e   0x00000000   Code   RO         3133    .ARM.Collect$$rtentry$$00000002  c_w.l(__rtentry2.o)
    0x0800022e   0x00000006   Code   RO         3145    .ARM.Collect$$rtentry$$00000004  c_w.l(__rtentry4.o)
    0x08000234   0x00000000   Code   RO         3135    .ARM.Collect$$rtentry$$00000009  c_w.l(__rtentry2.o)
    0x08000234   0x00000004   Code   RO         3136    .ARM.Collect$$rtentry$$0000000A  c_w.l(__rtentry2.o)
    0x08000238   0x00000000   Code   RO         3138    .ARM.Collect$$rtentry$$0000000C  c_w.l(__rtentry2.o)
    0x08000238   0x00000008   Code   RO         3139    .ARM.Collect$$rtentry$$0000000D  c_w.l(__rtentry2.o)
    0x08000240   0x00000002   Code   RO         3256    .ARM.Collect$$rtexit$$00000000  c_w.l(rtexit.o)
    0x08000242   0x00000000   Code   RO         3263    .ARM.Collect$$rtexit$$00000002  c_w.l(rtexit2.o)
    0x08000242   0x00000004   Code   RO         3264    .ARM.Collect$$rtexit$$00000003  c_w.l(rtexit2.o)
    0x08000246   0x00000006   Code   RO         3265    .ARM.Collect$$rtexit$$00000004  c_w.l(rtexit2.o)
    0x0800024c   0x00000040   Code   RO            4    .text               startup_stm32f40_41xxx.o
    0x0800028c   0x00000002   Code   RO         3055    .text               c_w.l(use_no_semi_2.o)
    0x0800028e   0x00000002   PAD
    0x08000290   0x00000018   Code   RO         3059    .text               c_w.l(noretval__2printf.o)
    0x080002a8   0x00000068   Code   RO         3061    .text               c_w.l(__printf.o)
    0x08000310   0x00000052   Code   RO         3063    .text               c_w.l(_printf_str.o)
    0x08000362   0x00000002   PAD
    0x08000364   0x00000078   Code   RO         3065    .text               c_w.l(_printf_dec.o)
    0x080003dc   0x00000006   Code   RO         3091    .text               c_w.l(heapauxi.o)
    0x080003e2   0x00000002   Code   RO         3111    .text               c_w.l(use_no_semi.o)
    0x080003e4   0x000000b2   Code   RO         3114    .text               c_w.l(_printf_intcommon.o)
    0x08000496   0x0000041a   Code   RO         3116    .text               c_w.l(_printf_fp_dec.o)
    0x080008b0   0x0000002c   Code   RO         3118    .text               c_w.l(_printf_char.o)
    0x080008dc   0x00000024   Code   RO         3120    .text               c_w.l(_printf_char_file.o)
    0x08000900   0x00000008   Code   RO         3150    .text               c_w.l(rt_locale_intlibspace.o)
    0x08000908   0x0000008a   Code   RO         3152    .text               c_w.l(lludiv10.o)
    0x08000992   0x00000002   PAD
    0x08000994   0x00000030   Code   RO         3154    .text               c_w.l(_printf_char_common.o)
    0x080009c4   0x00000080   Code   RO         3156    .text               c_w.l(_printf_fp_infnan.o)
    0x08000a44   0x000000dc   Code   RO         3158    .text               c_w.l(bigflt0.o)
    0x08000b20   0x00000008   Code   RO         3183    .text               c_w.l(ferror.o)
    0x08000b28   0x00000008   Code   RO         3194    .text               c_w.l(libspace.o)
    0x08000b30   0x0000004a   Code   RO         3197    .text               c_w.l(sys_stackheap_outer.o)
    0x08000b7a   0x0000000c   Code   RO         3201    .text               c_w.l(exit.o)
    0x08000b86   0x00000002   PAD
    0x08000b88   0x00000080   Code   RO         3203    .text               c_w.l(strcmpv7m.o)
    0x08000c08   0x0000003e   Code   RO         3161    CL$$btod_d2e        c_w.l(btod.o)
    0x08000c46   0x00000046   Code   RO         3163    CL$$btod_d2e_denorm_low  c_w.l(btod.o)
    0x08000c8c   0x00000060   Code   RO         3162    CL$$btod_d2e_norm_op1  c_w.l(btod.o)
    0x08000cec   0x00000338   Code   RO         3171    CL$$btod_div_common  c_w.l(btod.o)
    0x08001024   0x000000c6   Code   RO         3168    CL$$btod_e2e        c_w.l(btod.o)
    0x080010ea   0x00000028   Code   RO         3165    CL$$btod_ediv       c_w.l(btod.o)
    0x08001112   0x00000028   Code   RO         3164    CL$$btod_emul       c_w.l(btod.o)
    0x0800113a   0x00000244   Code   RO         3170    CL$$btod_mult_common  c_w.l(btod.o)
    0x0800137e   0x00000004   Code   RO         2464    i.BusFault_Handler  stm32f4xx_it.o
    0x08001382   0x00000002   Code   RO         2465    i.DebugMon_Handler  stm32f4xx_it.o
    0x08001384   0x00000018   Code   RO         2696    i.EXTI0_IRQHandler  key.o
    0x0800139c   0x0000003c   Code   RO         2697    i.EXTI2_IRQHandler  key.o
    0x080013d8   0x0000003c   Code   RO         2698    i.EXTI3_IRQHandler  key.o
    0x08001414   0x0000003c   Code   RO         2699    i.EXTI4_IRQHandler  key.o
    0x08001450   0x0000000c   Code   RO          255    i.EXTI_ClearFlag    stm32f4xx_exti.o
    0x0800145c   0x00000094   Code   RO          261    i.EXTI_Init         stm32f4xx_exti.o
    0x080014f0   0x00000090   Code   RO          318    i.GPIO_Init         stm32f4xx_gpio.o
    0x08001580   0x00000046   Code   RO          319    i.GPIO_PinAFConfig  stm32f4xx_gpio.o
    0x080015c6   0x00000004   Code   RO          325    i.GPIO_ResetBits    stm32f4xx_gpio.o
    0x080015ca   0x00000004   Code   RO          326    i.GPIO_SetBits      stm32f4xx_gpio.o
    0x080015ce   0x00000002   PAD
    0x080015d0   0x00000080   Code   RO         3017    i.Get_distan        hc.o
    0x08001650   0x0000005c   Code   RO         3018    i.HC_init           hc.o
    0x080016ac   0x00000004   Code   RO         2466    i.HardFault_Handler  stm32f4xx_it.o
    0x080016b0   0x00000060   Code   RO         2924    i.MOTORGPIO_Pin6789_init  motor.o
    0x08001710   0x00000004   Code   RO         2467    i.MemManage_Handler  stm32f4xx_it.o
    0x08001714   0x00000002   Code   RO         2468    i.NMI_Handler       stm32f4xx_it.o
    0x08001716   0x00000002   PAD
    0x08001718   0x00000078   Code   RO           12    i.NVIC_Init         misc.o
    0x08001790   0x00000014   Code   RO           13    i.NVIC_PriorityGroupConfig  misc.o
    0x080017a4   0x00000002   Code   RO         2469    i.PendSV_Handler    stm32f4xx_it.o
    0x080017a6   0x00000002   PAD
    0x080017a8   0x00000020   Code   RO          908    i.RCC_AHB1PeriphClockCmd  stm32f4xx_rcc.o
    0x080017c8   0x00000020   Code   RO          917    i.RCC_APB1PeriphClockCmd  stm32f4xx_rcc.o
    0x080017e8   0x00000020   Code   RO          920    i.RCC_APB2PeriphClockCmd  stm32f4xx_rcc.o
    0x08001808   0x000000e8   Code   RO          929    i.RCC_GetClocksFreq  stm32f4xx_rcc.o
    0x080018f0   0x00000002   Code   RO         2470    i.SVC_Handler       stm32f4xx_it.o
    0x080018f2   0x00000002   PAD
    0x080018f4   0x00000040   Code   RO         1661    i.SYSCFG_EXTILineConfig  stm32f4xx_syscfg.o
    0x08001934   0x000000ec   Code   RO         2578    i.SetSysClock       system_stm32f4xx.o
    0x08001a20   0x00000028   Code   RO           16    i.SysTick_CLKSourceConfig  misc.o
    0x08001a48   0x00000002   Code   RO         2471    i.SysTick_Handler   stm32f4xx_it.o
    0x08001a4a   0x00000002   PAD
    0x08001a4c   0x00000068   Code   RO         2580    i.SystemInit        system_stm32f4xx.o
    0x08001ab4   0x00000024   Code   RO         2615    i.Systick_Init      systick.o
    0x08001ad8   0x00000020   Code   RO         2828    i.TIM4_IRQHandler   tim.o
    0x08001af8   0x000000bc   Code   RO         2829    i.TIM8_TRG_COM_TIM14_IRQHandler  tim.o
    0x08001bb4   0x00000018   Code   RO         1718    i.TIM_ARRPreloadConfig  stm32f4xx_tim.o
    0x08001bcc   0x00000006   Code   RO         1724    i.TIM_ClearFlag     stm32f4xx_tim.o
    0x08001bd2   0x00000018   Code   RO         1730    i.TIM_Cmd           stm32f4xx_tim.o
    0x08001bea   0x00000012   Code   RO         1755    i.TIM_ITConfig      stm32f4xx_tim.o
    0x08001bfc   0x0000007c   Code   RO         1759    i.TIM_OC1Init       stm32f4xx_tim.o
    0x08001c78   0x00000012   Code   RO         1762    i.TIM_OC1PreloadConfig  stm32f4xx_tim.o
    0x08001c8a   0x00000002   PAD
    0x08001c8c   0x000000a4   Code   RO         1764    i.TIM_OC2Init       stm32f4xx_tim.o
    0x08001d30   0x0000001a   Code   RO         1767    i.TIM_OC2PreloadConfig  stm32f4xx_tim.o
    0x08001d4a   0x00000002   PAD
    0x08001d4c   0x000000a0   Code   RO         1769    i.TIM_OC3Init       stm32f4xx_tim.o
    0x08001dec   0x00000012   Code   RO         1772    i.TIM_OC3PreloadConfig  stm32f4xx_tim.o
    0x08001dfe   0x00000002   PAD
    0x08001e00   0x00000078   Code   RO         1774    i.TIM_OC4Init       stm32f4xx_tim.o
    0x08001e78   0x0000001a   Code   RO         1776    i.TIM_OC4PreloadConfig  stm32f4xx_tim.o
    0x08001e92   0x00000004   Code   RO         1792    i.TIM_SetCompare1   stm32f4xx_tim.o
    0x08001e96   0x00000004   Code   RO         1793    i.TIM_SetCompare2   stm32f4xx_tim.o
    0x08001e9a   0x00000004   Code   RO         1794    i.TIM_SetCompare3   stm32f4xx_tim.o
    0x08001e9e   0x00000004   Code   RO         1795    i.TIM_SetCompare4   stm32f4xx_tim.o
    0x08001ea2   0x00000002   PAD
    0x08001ea4   0x00000084   Code   RO         1802    i.TIM_TimeBaseInit  stm32f4xx_tim.o
    0x08001f28   0x00000014   Code   RO         2944    i.USART1_IRQHandler  usart.o
    0x08001f3c   0x00000088   Code   RO         2945    i.USART2_IRQHandler  usart.o
    0x08001fc4   0x00000018   Code   RO         2280    i.USART_Cmd         stm32f4xx_usart.o
    0x08001fdc   0x0000001a   Code   RO         2283    i.USART_GetFlagStatus  stm32f4xx_usart.o
    0x08001ff6   0x00000054   Code   RO         2284    i.USART_GetITStatus  stm32f4xx_usart.o
    0x0800204a   0x0000004a   Code   RO         2286    i.USART_ITConfig    stm32f4xx_usart.o
    0x08002094   0x000000d4   Code   RO         2287    i.USART_Init        stm32f4xx_usart.o
    0x08002168   0x0000000a   Code   RO         2294    i.USART_ReceiveData  stm32f4xx_usart.o
    0x08002172   0x00000008   Code   RO         2297    i.USART_SendData    stm32f4xx_usart.o
    0x0800217a   0x00000002   PAD
    0x0800217c   0x000000b4   Code   RO         2946    i.Uart1_init        usart.o
    0x08002230   0x000000b4   Code   RO         2947    i.Uart2_init        usart.o
    0x080022e4   0x00000004   Code   RO         2472    i.UsageFault_Handler  stm32f4xx_it.o
    0x080022e8   0x00000030   Code   RO         3192    i.__ARM_fpclassify  m_wm.l(fpclassify.o)
    0x08002318   0x00000008   Code   RO         2948    i._sys_exit         usart.o
    0x08002320   0x00000040   Code   RO         2746    i.beep_init         beep.o
    0x08002360   0x00000048   Code   RO         2616    i.delay_ms          systick.o
    0x080023a8   0x00000048   Code   RO         2618    i.delay_us          systick.o
    0x080023f0   0x0000006e   Code   RO         2700    i.exti_key          key.o
    0x0800245e   0x00000002   PAD
    0x08002460   0x00000024   Code   RO         2949    i.fputc             usart.o
    0x08002484   0x00000050   Code   RO         2766    i.function_init     function.o
    0x080024d4   0x000000f0   Code   RO         2767    i.hc                function.o
    0x080025c4   0x00000020   Code   RO         3019    i.hc_start          hc.o
    0x080025e4   0x00000044   Code   RO         2701    i.key_init          key.o
    0x08002628   0x00000070   Code   RO         2676    i.led_init          led.o
    0x08002698   0x00000064   Code   RO         2768    i.look_clock        function.o
    0x080026fc   0x0000000a   Code   RO         2656    i.main              main.o
    0x08002706   0x00000002   PAD
    0x08002708   0x00000748   Code   RO         2769    i.motor             function.o
    0x08002e50   0x00000070   Code   RO         2882    i.pwm_init          pwm.o
    0x08002ec0   0x00000064   Code   RO         2770    i.set_clock         function.o
    0x08002f24   0x00000040   Code   RO         2771    i.show_led          function.o
    0x08002f64   0x00000038   Code   RO         2831    i.tim3_init         tim.o
    0x08002f9c   0x00000064   Code   RO         2832    i.tim4_init         tim.o
    0x08003000   0x00000048   Code   RO         2772    i.wait_clock        function.o
    0x08003048   0x0000002c   Code   RO         3188    locale$$code        c_w.l(lc_numeric_c.o)
    0x08003074   0x00000062   Code   RO         3095    x$fpl$d2f           fz_wm.l(d2f.o)
    0x080030d6   0x00000002   PAD
    0x080030d8   0x000002b0   Code   RO         3098    x$fpl$ddiv          fz_wm.l(ddiv.o)
    0x08003388   0x00000026   Code   RO         3101    x$fpl$dfltu         fz_wm.l(dflt_clz.o)
    0x080033ae   0x0000009c   Code   RO         3123    x$fpl$dnaninf       fz_wm.l(dnaninf.o)
    0x0800344a   0x0000000c   Code   RO         3125    x$fpl$dretinf       fz_wm.l(dretinf.o)
    0x08003456   0x00000002   PAD
    0x08003458   0x00000056   Code   RO         3107    x$fpl$f2d           fz_wm.l(f2d.o)
    0x080034ae   0x0000008c   Code   RO         3127    x$fpl$fnaninf       fz_wm.l(fnaninf.o)
    0x0800353a   0x0000000a   Code   RO         3260    x$fpl$fpinit        fz_wm.l(fpinit.o)
    0x08003544   0x0000000a   Code   RO         3129    x$fpl$fretinf       fz_wm.l(fretinf.o)
    0x0800354e   0x00000004   Code   RO         3109    x$fpl$printf1       fz_wm.l(printf1.o)
    0x08003552   0x00000000   Code   RO         3131    x$fpl$usenofp       fz_wm.l(usenofp.o)
    0x08003552   0x00000002   PAD
    0x08003554   0x00000094   Data   RO         3159    .constdata          c_w.l(bigflt0.o)
    0x080035e8   0x00000020   Data   RO         3330    Region$$Table       anon$$obj.o
    0x08003608   0x0000001c   Data   RO         3187    locale$$data        c_w.l(lc_numeric_c.o)


    Execution Region RW_IRAM1 (Base: 0x20000000, Size: 0x00000798, Max: 0x00020000, ABSOLUTE)

    Base Addr    Size         Type   Attr      Idx    E Section Name        Object

    0x20000000   0x00000010   Data   RW          961    .data               stm32f4xx_rcc.o
    0x20000010   0x00000004   Data   RW         2619    .data               systick.o
    0x20000014   0x00000035   Data   RW         2773    .data               function.o
    0x20000049   0x00000003   PAD
    0x2000004c   0x0000000a   Data   RW         2953    .data               usart.o
    0x20000056   0x00000002   PAD
    0x20000058   0x00000004   Data   RW         3020    .data               hc.o
    0x2000005c   0x000000dc   Zero   RW         2952    .bss                usart.o
    0x20000138   0x00000060   Zero   RW         3195    .bss                c_w.l(libspace.o)
    0x20000198   0x00000200   Zero   RW            2    HEAP                startup_stm32f40_41xxx.o
    0x20000398   0x00000400   Zero   RW            1    STACK               startup_stm32f40_41xxx.o


==============================================================================

Image component sizes


      Code (inc. data)   RO Data    RW Data    ZI Data      Debug   Object Name

        64          4          0          0          0        508   beep.o
      2520        278          0         53          0       5205   function.o
       252         44          0          4          0       1798   hc.o
       382         50          0          0          0       2994   key.o
       112         24          0          0          0        523   led.o
        10          0          0          0          0        475   main.o
       180         24          0          0          0     286137   misc.o
        96          6          0          0          0        549   motor.o
       112          6          0          0          0        563   pwm.o
        64         26        392          0       1536        860   startup_stm32f40_41xxx.o
       160         12          0          0          0       1545   stm32f4xx_exti.o
       222          0          0          0          0       2959   stm32f4xx_gpio.o
        26          0          0          0          0       4058   stm32f4xx_it.o
       328         36          0         16          0       4703   stm32f4xx_rcc.o
        64          4          0          0          0        668   stm32f4xx_syscfg.o
       876         66          0          0          0      11363   stm32f4xx_tim.o
       438          8          0          0          0       5557   stm32f4xx_usart.o
       340         32          0          0          0       1485   system_stm32f4xx.o
       180         22          0          4          0       1731   systick.o
       376         64          0          0          0       2110   tim.o
       560         48          0         10        220       5568   usart.o

    ----------------------------------------------------------------------
      7386        754        424         92       1756     341359   Object Totals
         0          0         32          0          0          0   (incl. Generated)
        24          0          0          5          0          0   (incl. Padding)

    ----------------------------------------------------------------------

      Code (inc. data)   RO Data    RW Data    ZI Data      Debug   Library Member Name

         8          0          0          0          0         68   __main.o
       104          0          0          0          0         84   __printf.o
         0          0          0          0          0          0   __rtentry.o
        12          0          0          0          0          0   __rtentry2.o
         6          0          0          0          0          0   __rtentry4.o
        52          8          0          0          0          0   __scatter.o
        26          0          0          0          0          0   __scatter_copy.o
        28          0          0          0          0          0   __scatter_zi.o
         6          0          0          0          0          0   _printf_c.o
        44          0          0          0          0        108   _printf_char.o
        48          6          0          0          0         96   _printf_char_common.o
        36          4          0          0          0         80   _printf_char_file.o
         6          0          0          0          0          0   _printf_d.o
       120         16          0          0          0         92   _printf_dec.o
         6          0          0          0          0          0   _printf_f.o
      1050          0          0          0          0        216   _printf_fp_dec.o
       128         16          0          0          0         84   _printf_fp_infnan.o
       178          0          0          0          0         88   _printf_intcommon.o
         0          0          0          0          0          0   _printf_percent.o
         4          0          0          0          0          0   _printf_percent_end.o
        82          0          0          0          0         80   _printf_str.o
       220          4        148          0          0         96   bigflt0.o
      1910        128          0          0          0        672   btod.o
        12          0          0          0          0         72   exit.o
         8          0          0          0          0         68   ferror.o
         6          0          0          0          0        152   heapauxi.o
        44         10         28          0          0         76   lc_numeric_c.o
         2          0          0          0          0          0   libinit.o
        22          0          0          0          0          0   libinit2.o
         2          0          0          0          0          0   libshutdown.o
         2          0          0          0          0          0   libshutdown2.o
         8          4          0          0         96         68   libspace.o
       138          0          0          0          0         80   lludiv10.o
        24          4          0          0          0         84   noretval__2printf.o
         8          4          0          0          0         68   rt_locale_intlibspace.o
         2          0          0          0          0          0   rtexit.o
        10          0          0          0          0          0   rtexit2.o
       128          0          0          0          0         68   strcmpv7m.o
        74          0          0          0          0         80   sys_stackheap_outer.o
         2          0          0          0          0         68   use_no_semi.o
         2          0          0          0          0         68   use_no_semi_2.o
        98          4          0          0          0        140   d2f.o
       688        140          0          0          0        256   ddiv.o
        38          0          0          0          0        116   dflt_clz.o
       156          4          0          0          0        140   dnaninf.o
        12          0          0          0          0        116   dretinf.o
        86          4          0          0          0        132   f2d.o
       140          4          0          0          0        132   fnaninf.o
        10          0          0          0          0        116   fpinit.o
        10          0          0          0          0        116   fretinf.o
         4          0          0          0          0        116   printf1.o
         0          0          0          0          0          0   usenofp.o
        48          0          0          0          0        124   fpclassify.o

    ----------------------------------------------------------------------
      5874        360        176          0         96       4220   Library Totals
        16          0          0          0          0          0   (incl. Padding)

    ----------------------------------------------------------------------

      Code (inc. data)   RO Data    RW Data    ZI Data      Debug   Library Name

      4568        204        176          0         96       2716   c_w.l
      1242        156          0          0          0       1380   fz_wm.l
        48          0          0          0          0        124   m_wm.l

    ----------------------------------------------------------------------
      5874        360        176          0         96       4220   Library Totals

    ----------------------------------------------------------------------

==============================================================================


      Code (inc. data)   RO Data    RW Data    ZI Data      Debug   

     13260       1114        600         92       1852     335323   Grand Totals
     13260       1114        600         92       1852     335323   ELF Image Totals
     13260       1114        600         92          0          0   ROM Totals

==============================================================================

    Total RO  Size (Code + RO Data)                13860 (  13.54kB)
    Total RW  Size (RW Data + ZI Data)              1944 (   1.90kB)
    Total ROM Size (Code + RO Data + RW Data)      13952 (  13.63kB)

==============================================================================

